
sykt:     file format elf32-littleriscv
sykt
architecture: riscv:rv32, flags 0x00000112:
EXEC_P, HAS_SYMS, D_PAGED
start address 0x800008c0

Program Header:
    LOAD off    0x00000000 vaddr 0x80000000 paddr 0x80000000 align 2**12
         filesz 0x000011ec memsz 0x000011f4 flags rwx

Sections:
Idx Name          Size      VMA       LMA       File off  Algn
  0 .init         00000018  800008c0  800008c0  000008c0  2**0
                  CONTENTS, ALLOC, LOAD, READONLY, CODE
  1 .text         00000614  800008d8  800008d8  000008d8  2**2
                  CONTENTS, ALLOC, LOAD, READONLY, CODE
  2 .rodata       000002d3  80000eec  80000eec  00000eec  2**2
                  CONTENTS, ALLOC, LOAD, READONLY, DATA
  3 .eh_frame     0000002c  800011c0  800011c0  000011c0  2**2
                  CONTENTS, ALLOC, LOAD, READONLY, DATA
  4 .sbss         00000008  800011ec  800011ec  000011ec  2**2
                  ALLOC
  5 .comment      00000012  00000000  00000000  000011ec  2**0
                  CONTENTS, READONLY
  6 .riscv.attributes 0000001c  00000000  00000000  000011fe  2**0
                  CONTENTS, READONLY
  7 .debug_aranges 00000040  00000000  00000000  00001220  2**3
                  CONTENTS, READONLY, DEBUGGING, OCTETS
  8 .debug_info   000002df  00000000  00000000  00001260  2**0
                  CONTENTS, READONLY, DEBUGGING, OCTETS
  9 .debug_abbrev 00000199  00000000  00000000  0000153f  2**0
                  CONTENTS, READONLY, DEBUGGING, OCTETS
 10 .debug_line   000004d6  00000000  00000000  000016d8  2**0
                  CONTENTS, READONLY, DEBUGGING, OCTETS
 11 .debug_frame  000001d0  00000000  00000000  00001bb0  2**2
                  CONTENTS, READONLY, DEBUGGING, OCTETS
 12 .debug_str    00000182  00000000  00000000  00001d80  2**0
                  CONTENTS, READONLY, DEBUGGING, OCTETS
SYMBOL TABLE:
800008c0 l    d  .init	00000000 .init
800008d8 l    d  .text	00000000 .text
80000eec l    d  .rodata	00000000 .rodata
800011c0 l    d  .eh_frame	00000000 .eh_frame
800011ec l    d  .sbss	00000000 .sbss
00000000 l    d  .comment	00000000 .comment
00000000 l    d  .riscv.attributes	00000000 .riscv.attributes
00000000 l    d  .debug_aranges	00000000 .debug_aranges
00000000 l    d  .debug_info	00000000 .debug_info
00000000 l    d  .debug_abbrev	00000000 .debug_abbrev
00000000 l    d  .debug_line	00000000 .debug_line
00000000 l    d  .debug_frame	00000000 .debug_frame
00000000 l    d  .debug_str	00000000 .debug_str
00000000 l    df *ABS*	00000000 main.c
800029ec g       *ABS*	00000000 __global_pointer$
800021ec g       .eh_frame	00000000 __SDATA_BEGIN__
800008d8 g     F .text	00000044 my_simulation_exit
80000960 g     F .text	00000028 my_get_cpu_id
80000a28 g     F .text	00000098 num2hex
80000de8 g     F .text	0000005c os2_odczyt
80000988 g     F .text	0000006c putchars
880008c0 g       .init	00000000 __stack_top
800008c0 g       .init	00000000 _start
8000091c g     F .text	00000044 my_putchar
800011f8 g       .sbss	00000000 __BSS_END__
800021ec g       .sbss	00000000 __bss_start
80000ea0 g     F .text	0000004c main
80000d5c g     F .text	0000008c os2_zapis
80000ac0 g     F .text	000001b4 count
80000c74 g     F .text	0000008c os1_zapis
800011ec g     O .sbss	00000008 result
80000d00 g     F .text	0000005c os1_odczyt
800021ec g       .eh_frame	00000000 __DATA_BEGIN__
80000e44 g     F .text	0000005c zly_addr_odczyt
800021ec g       .sbss	00000000 _edata
800011f8 g       .sbss	00000000 _end
800009f4 g     F .text	00000034 val2hex



Disassembly of section .init:

800008c0 <_start>:
   .cfi_startproc
   .cfi_undefined ra
   .option push
   .option norelax

   la gp, __global_pointer$
800008c0:	00002197          	auipc	gp,0x2
800008c4:	12c18193          	addi	gp,gp,300 # 800029ec <__global_pointer$>

   .option pop

   la sp, __stack_top
800008c8:	08000117          	auipc	sp,0x8000
800008cc:	ff810113          	addi	sp,sp,-8 # 880008c0 <__stack_top>
   add s0, sp, zero
800008d0:	00010433          	add	s0,sp,zero
   jal zero, main
800008d4:	5cc0006f          	j	80000ea0 <main>

Disassembly of section .text:

800008d8 <my_simulation_exit>:
#define SYKOM_UART_VAL      (0x00008888)
#define HEX_SYMBOLS 	    "0123456789ABCDEF"
#define MASK 0b1111
unsigned char result[8];

void my_simulation_exit(unsigned char ret_code) {
800008d8:	fe010113          	addi	sp,sp,-32
800008dc:	00812e23          	sw	s0,28(sp)
800008e0:	02010413          	addi	s0,sp,32
800008e4:	00050793          	mv	a5,a0
800008e8:	fef407a3          	sb	a5,-17(s0)
    RAW_SPACE(SYKOM_CTRL_ADDR) = SYKOM_EXIT_VAL | (((unsigned long)ret_code)<<16);
800008ec:	fef44783          	lbu	a5,-17(s0)
800008f0:	01079693          	slli	a3,a5,0x10
800008f4:	001017b7          	lui	a5,0x101
800008f8:	8c078793          	addi	a5,a5,-1856 # 1008c0 <_start-0x7ff00000>
800008fc:	00003737          	lui	a4,0x3
80000900:	33370713          	addi	a4,a4,819 # 3333 <_start-0x7fffd58d>
80000904:	00e6e733          	or	a4,a3,a4
80000908:	00e7a023          	sw	a4,0(a5)
}
8000090c:	00000013          	nop
80000910:	01c12403          	lw	s0,28(sp)
80000914:	02010113          	addi	sp,sp,32
80000918:	00008067          	ret

8000091c <my_putchar>:

void my_putchar(unsigned char c) {
8000091c:	fe010113          	addi	sp,sp,-32
80000920:	00812e23          	sw	s0,28(sp)
80000924:	02010413          	addi	s0,sp,32
80000928:	00050793          	mv	a5,a0
8000092c:	fef407a3          	sb	a5,-17(s0)
    RAW_SPACE(SYKOM_UART_ADDR)=SYKOM_UART_VAL | ((0x000000FF & (unsigned long)c)<<16);
80000930:	fef44783          	lbu	a5,-17(s0)
80000934:	01079693          	slli	a3,a5,0x10
80000938:	001017b7          	lui	a5,0x101
8000093c:	8c878793          	addi	a5,a5,-1848 # 1008c8 <_start-0x7feffff8>
80000940:	00009737          	lui	a4,0x9
80000944:	88870713          	addi	a4,a4,-1912 # 8888 <_start-0x7fff8038>
80000948:	00e6e733          	or	a4,a3,a4
8000094c:	00e7a023          	sw	a4,0(a5)
}
80000950:	00000013          	nop
80000954:	01c12403          	lw	s0,28(sp)
80000958:	02010113          	addi	sp,sp,32
8000095c:	00008067          	ret

80000960 <my_get_cpu_id>:

unsigned long my_get_cpu_id(void) {
80000960:	ff010113          	addi	sp,sp,-16
80000964:	00812623          	sw	s0,12(sp)
80000968:	01010413          	addi	s0,sp,16
    return RAW_SPACE(SYKOM_ID_ADDR);
8000096c:	001017b7          	lui	a5,0x101
80000970:	8c478793          	addi	a5,a5,-1852 # 1008c4 <_start-0x7feffffc>
80000974:	0007a783          	lw	a5,0(a5)
}
80000978:	00078513          	mv	a0,a5
8000097c:	00c12403          	lw	s0,12(sp)
80000980:	01010113          	addi	sp,sp,16
80000984:	00008067          	ret

80000988 <putchars>:

void putchars(unsigned char *s) {
80000988:	fd010113          	addi	sp,sp,-48
8000098c:	02112623          	sw	ra,44(sp)
80000990:	02812423          	sw	s0,40(sp)
80000994:	03010413          	addi	s0,sp,48
80000998:	fca42e23          	sw	a0,-36(s0)
	int i = 0;
8000099c:	fe042623          	sw	zero,-20(s0)
	while(s[i] != '\0') {
800009a0:	0280006f          	j	800009c8 <putchars+0x40>
		my_putchar(s[i]);
800009a4:	fec42783          	lw	a5,-20(s0)
800009a8:	fdc42703          	lw	a4,-36(s0)
800009ac:	00f707b3          	add	a5,a4,a5
800009b0:	0007c783          	lbu	a5,0(a5)
800009b4:	00078513          	mv	a0,a5
800009b8:	f65ff0ef          	jal	ra,8000091c <my_putchar>
		i++;
800009bc:	fec42783          	lw	a5,-20(s0)
800009c0:	00178793          	addi	a5,a5,1
800009c4:	fef42623          	sw	a5,-20(s0)
	while(s[i] != '\0') {
800009c8:	fec42783          	lw	a5,-20(s0)
800009cc:	fdc42703          	lw	a4,-36(s0)
800009d0:	00f707b3          	add	a5,a4,a5
800009d4:	0007c783          	lbu	a5,0(a5)
800009d8:	fc0796e3          	bnez	a5,800009a4 <putchars+0x1c>
	}
}
800009dc:	00000013          	nop
800009e0:	00000013          	nop
800009e4:	02c12083          	lw	ra,44(sp)
800009e8:	02812403          	lw	s0,40(sp)
800009ec:	03010113          	addi	sp,sp,48
800009f0:	00008067          	ret

800009f4 <val2hex>:

char val2hex(unsigned int i) {
800009f4:	fe010113          	addi	sp,sp,-32
800009f8:	00812e23          	sw	s0,28(sp)
800009fc:	02010413          	addi	s0,sp,32
80000a00:	fea42623          	sw	a0,-20(s0)
    	return HEX_SYMBOLS[i];
80000a04:	800017b7          	lui	a5,0x80001
80000a08:	eec78713          	addi	a4,a5,-276 # 80000eec <__stack_top+0xf800062c>
80000a0c:	fec42783          	lw	a5,-20(s0)
80000a10:	00f707b3          	add	a5,a4,a5
80000a14:	0007c783          	lbu	a5,0(a5)
}
80000a18:	00078513          	mv	a0,a5
80000a1c:	01c12403          	lw	s0,28(sp)
80000a20:	02010113          	addi	sp,sp,32
80000a24:	00008067          	ret

80000a28 <num2hex>:

unsigned char* num2hex(unsigned int n) {
80000a28:	fd010113          	addi	sp,sp,-48
80000a2c:	02112623          	sw	ra,44(sp)
80000a30:	02812423          	sw	s0,40(sp)
80000a34:	02912223          	sw	s1,36(sp)
80000a38:	03010413          	addi	s0,sp,48
80000a3c:	fca42e23          	sw	a0,-36(s0)
	for(int i=0;i<8;i++) {
80000a40:	fe042623          	sw	zero,-20(s0)
80000a44:	0500006f          	j	80000a94 <num2hex+0x6c>
		result[8-1-i] = val2hex( (n>>(i*4)) & MASK );
80000a48:	fec42783          	lw	a5,-20(s0)
80000a4c:	00279793          	slli	a5,a5,0x2
80000a50:	fdc42703          	lw	a4,-36(s0)
80000a54:	00f757b3          	srl	a5,a4,a5
80000a58:	00f7f693          	andi	a3,a5,15
80000a5c:	00700713          	li	a4,7
80000a60:	fec42783          	lw	a5,-20(s0)
80000a64:	40f704b3          	sub	s1,a4,a5
80000a68:	00068513          	mv	a0,a3
80000a6c:	f89ff0ef          	jal	ra,800009f4 <val2hex>
80000a70:	00050793          	mv	a5,a0
80000a74:	00078713          	mv	a4,a5
80000a78:	800017b7          	lui	a5,0x80001
80000a7c:	1ec78793          	addi	a5,a5,492 # 800011ec <__stack_top+0xf800092c>
80000a80:	009787b3          	add	a5,a5,s1
80000a84:	00e78023          	sb	a4,0(a5)
	for(int i=0;i<8;i++) {
80000a88:	fec42783          	lw	a5,-20(s0)
80000a8c:	00178793          	addi	a5,a5,1
80000a90:	fef42623          	sw	a5,-20(s0)
80000a94:	fec42703          	lw	a4,-20(s0)
80000a98:	00700793          	li	a5,7
80000a9c:	fae7d6e3          	bge	a5,a4,80000a48 <num2hex+0x20>
	}
	return result;
80000aa0:	800017b7          	lui	a5,0x80001
80000aa4:	1ec78793          	addi	a5,a5,492 # 800011ec <__stack_top+0xf800092c>

}
80000aa8:	00078513          	mv	a0,a5
80000aac:	02c12083          	lw	ra,44(sp)
80000ab0:	02812403          	lw	s0,40(sp)
80000ab4:	02412483          	lw	s1,36(sp)
80000ab8:	03010113          	addi	sp,sp,48
80000abc:	00008067          	ret

80000ac0 <count>:


void count() {
80000ac0:	fe010113          	addi	sp,sp,-32
80000ac4:	00112e23          	sw	ra,28(sp)
80000ac8:	00812c23          	sw	s0,24(sp)
80000acc:	02010413          	addi	s0,sp,32
	putchars("Start count outer\n");
80000ad0:	800017b7          	lui	a5,0x80001
80000ad4:	f0078513          	addi	a0,a5,-256 # 80000f00 <__stack_top+0xf8000640>
80000ad8:	eb1ff0ef          	jal	ra,80000988 <putchars>
	u32 bitstatus = GET_NTH(RAW_SPACE(SYKT_GPIO_COUNTER_ADDR), CNT_BS);
80000adc:	001017b7          	lui	a5,0x101
80000ae0:	c4878793          	addi	a5,a5,-952 # 100c48 <_start-0x7feffc78>
80000ae4:	0007a783          	lw	a5,0(a5)
80000ae8:	0127d793          	srli	a5,a5,0x12
80000aec:	01279713          	slli	a4,a5,0x12
80000af0:	000407b7          	lui	a5,0x40
80000af4:	00f777b3          	and	a5,a4,a5
80000af8:	fef42423          	sw	a5,-24(s0)
	
	putchars("\n");
80000afc:	800017b7          	lui	a5,0x80001
80000b00:	f1478513          	addi	a0,a5,-236 # 80000f14 <__stack_top+0xf8000654>
80000b04:	e85ff0ef          	jal	ra,80000988 <putchars>
	u32 licznik = RAW_SPACE(SYKT_GPIO_COUNTER_ADDR);
80000b08:	001017b7          	lui	a5,0x101
80000b0c:	c4878793          	addi	a5,a5,-952 # 100c48 <_start-0x7feffc78>
80000b10:	0007a783          	lw	a5,0(a5)
80000b14:	fef42223          	sw	a5,-28(s0)
//		putchars("LICZNIK=");
//		u32 licznik = RAW_SPACE(SYKT_GPIO_COUNTER_ADDR);
//		putchars(num2hex(licznik));
//		putchars("\n");
//	}
	putchars(num2hex(licznik));
80000b18:	fe442503          	lw	a0,-28(s0)
80000b1c:	f0dff0ef          	jal	ra,80000a28 <num2hex>
80000b20:	00050793          	mv	a5,a0
80000b24:	00078513          	mv	a0,a5
80000b28:	e61ff0ef          	jal	ra,80000988 <putchars>
	putchars("\n");
80000b2c:	800017b7          	lui	a5,0x80001
80000b30:	f1478513          	addi	a0,a5,-236 # 80000f14 <__stack_top+0xf8000654>
80000b34:	e55ff0ef          	jal	ra,80000988 <putchars>
	
	putchars("Started counter\n");
80000b38:	800017b7          	lui	a5,0x80001
80000b3c:	f1878513          	addi	a0,a5,-232 # 80000f18 <__stack_top+0xf8000658>
80000b40:	e49ff0ef          	jal	ra,80000988 <putchars>
	putchars("BITSTATUS=");
80000b44:	800017b7          	lui	a5,0x80001
80000b48:	f2c78513          	addi	a0,a5,-212 # 80000f2c <__stack_top+0xf800066c>
80000b4c:	e3dff0ef          	jal	ra,80000988 <putchars>
	putchars(num2hex(bitstatus));
80000b50:	fe842503          	lw	a0,-24(s0)
80000b54:	ed5ff0ef          	jal	ra,80000a28 <num2hex>
80000b58:	00050793          	mv	a5,a0
80000b5c:	00078513          	mv	a0,a5
80000b60:	e29ff0ef          	jal	ra,80000988 <putchars>
	putchars("\n#########\n");
80000b64:	800017b7          	lui	a5,0x80001
80000b68:	f3878513          	addi	a0,a5,-200 # 80000f38 <__stack_top+0xf8000678>
80000b6c:	e1dff0ef          	jal	ra,80000988 <putchars>

	
	// zapis - "start command"
	RAW_SPACE(SYKT_GPIO_COUNTER_ADDR) = (u32)(1 << 20);
80000b70:	001017b7          	lui	a5,0x101
80000b74:	c4878793          	addi	a5,a5,-952 # 100c48 <_start-0x7feffc78>
80000b78:	00100737          	lui	a4,0x100
80000b7c:	00e7a023          	sw	a4,0(a5)
	// odczyt
//	while((LAST(RAW_SPACE(SYKT_GPIO_COUNTER_ADDR) >> CNT_BS) << CNT_BS) != (u32)(1<<20)) {
//		putchars("Waiting for startcount...\n");
//	}
	
	u32 current_bitstatus = GET_NTH(RAW_SPACE(SYKT_GPIO_COUNTER_ADDR), CNT_BS);
80000b80:	001017b7          	lui	a5,0x101
80000b84:	c4878793          	addi	a5,a5,-952 # 100c48 <_start-0x7feffc78>
80000b88:	0007a783          	lw	a5,0(a5)
80000b8c:	0127d793          	srli	a5,a5,0x12
80000b90:	01279713          	slli	a4,a5,0x12
80000b94:	000407b7          	lui	a5,0x40
80000b98:	00f777b3          	and	a5,a4,a5
80000b9c:	fef42623          	sw	a5,-20(s0)
	
	while(current_bitstatus == bitstatus) {
80000ba0:	0740006f          	j	80000c14 <count+0x154>
		current_bitstatus = GET_NTH(RAW_SPACE(SYKT_GPIO_COUNTER_ADDR), CNT_BS);
80000ba4:	001017b7          	lui	a5,0x101
80000ba8:	c4878793          	addi	a5,a5,-952 # 100c48 <_start-0x7feffc78>
80000bac:	0007a783          	lw	a5,0(a5)
80000bb0:	0127d793          	srli	a5,a5,0x12
80000bb4:	01279713          	slli	a4,a5,0x12
80000bb8:	000407b7          	lui	a5,0x40
80000bbc:	00f777b3          	and	a5,a4,a5
80000bc0:	fef42623          	sw	a5,-20(s0)
		putchars("Counting...\n");
80000bc4:	800017b7          	lui	a5,0x80001
80000bc8:	f4478513          	addi	a0,a5,-188 # 80000f44 <__stack_top+0xf8000684>
80000bcc:	dbdff0ef          	jal	ra,80000988 <putchars>
		putchars("\n");
80000bd0:	800017b7          	lui	a5,0x80001
80000bd4:	f1478513          	addi	a0,a5,-236 # 80000f14 <__stack_top+0xf8000654>
80000bd8:	db1ff0ef          	jal	ra,80000988 <putchars>
		putchars("LICZNIK=");
80000bdc:	800017b7          	lui	a5,0x80001
80000be0:	f5478513          	addi	a0,a5,-172 # 80000f54 <__stack_top+0xf8000694>
80000be4:	da5ff0ef          	jal	ra,80000988 <putchars>
		putchars(num2hex(RAW_SPACE(SYKT_GPIO_COUNTER_ADDR)));
80000be8:	001017b7          	lui	a5,0x101
80000bec:	c4878793          	addi	a5,a5,-952 # 100c48 <_start-0x7feffc78>
80000bf0:	0007a783          	lw	a5,0(a5)
80000bf4:	00078513          	mv	a0,a5
80000bf8:	e31ff0ef          	jal	ra,80000a28 <num2hex>
80000bfc:	00050793          	mv	a5,a0
80000c00:	00078513          	mv	a0,a5
80000c04:	d85ff0ef          	jal	ra,80000988 <putchars>
		putchars("\n");
80000c08:	800017b7          	lui	a5,0x80001
80000c0c:	f1478513          	addi	a0,a5,-236 # 80000f14 <__stack_top+0xf8000654>
80000c10:	d79ff0ef          	jal	ra,80000988 <putchars>
	while(current_bitstatus == bitstatus) {
80000c14:	fec42703          	lw	a4,-20(s0)
80000c18:	fe842783          	lw	a5,-24(s0)
80000c1c:	f8f704e3          	beq	a4,a5,80000ba4 <count+0xe4>
	}
	
	putchars("BITSTATUS=");
80000c20:	800017b7          	lui	a5,0x80001
80000c24:	f2c78513          	addi	a0,a5,-212 # 80000f2c <__stack_top+0xf800066c>
80000c28:	d61ff0ef          	jal	ra,80000988 <putchars>
	putchars(num2hex(current_bitstatus >> CNT_BS));
80000c2c:	fec42783          	lw	a5,-20(s0)
80000c30:	0127d793          	srli	a5,a5,0x12
80000c34:	00078513          	mv	a0,a5
80000c38:	df1ff0ef          	jal	ra,80000a28 <num2hex>
80000c3c:	00050793          	mv	a5,a0
80000c40:	00078513          	mv	a0,a5
80000c44:	d45ff0ef          	jal	ra,80000988 <putchars>
	putchars("\n");
80000c48:	800017b7          	lui	a5,0x80001
80000c4c:	f1478513          	addi	a0,a5,-236 # 80000f14 <__stack_top+0xf8000654>
80000c50:	d39ff0ef          	jal	ra,80000988 <putchars>
	putchars("End count\n");
80000c54:	800017b7          	lui	a5,0x80001
80000c58:	f6078513          	addi	a0,a5,-160 # 80000f60 <__stack_top+0xf80006a0>
80000c5c:	d2dff0ef          	jal	ra,80000988 <putchars>
}
80000c60:	00000013          	nop
80000c64:	01c12083          	lw	ra,28(sp)
80000c68:	01812403          	lw	s0,24(sp)
80000c6c:	02010113          	addi	sp,sp,32
80000c70:	00008067          	ret

80000c74 <os1_zapis>:

// processor -> gpio (sdata_in -> gpio_out)
void os1_zapis() {
80000c74:	fe010113          	addi	sp,sp,-32
80000c78:	00112e23          	sw	ra,28(sp)
80000c7c:	00812c23          	sw	s0,24(sp)
80000c80:	02010413          	addi	s0,sp,32
	putchars("Os 1\nADDR=0x01A4\nProcessor (przesuniecie 13) -> GPIO (4 najmlodsze bity):\n\n######\nTEST ZAPISU:\n#####\n\n");
80000c84:	800017b7          	lui	a5,0x80001
80000c88:	f6c78513          	addi	a0,a5,-148 # 80000f6c <__stack_top+0xf80006ac>
80000c8c:	cfdff0ef          	jal	ra,80000988 <putchars>
	u32 cnt = 0;
80000c90:	fe042623          	sw	zero,-20(s0)
	u32 przesuniecie = 13;
80000c94:	00d00793          	li	a5,13
80000c98:	fef42423          	sw	a5,-24(s0)
	for(;;) {
		if(cnt > 255) {
80000c9c:	fec42703          	lw	a4,-20(s0)
80000ca0:	0ff00793          	li	a5,255
80000ca4:	00e7f463          	bgeu	a5,a4,80000cac <os1_zapis+0x38>
			cnt = 0;
80000ca8:	fe042623          	sw	zero,-20(s0)
		}
		cnt = cnt + 1;
80000cac:	fec42783          	lw	a5,-20(s0)
80000cb0:	00178793          	addi	a5,a5,1
80000cb4:	fef42623          	sw	a5,-20(s0)
		RAW_SPACE(SYKT_GPIO_OS1_ADDR) = cnt << przesuniecie;
80000cb8:	001017b7          	lui	a5,0x101
80000cbc:	a6478793          	addi	a5,a5,-1436 # 100a64 <_start-0x7feffe5c>
80000cc0:	fe842703          	lw	a4,-24(s0)
80000cc4:	fec42683          	lw	a3,-20(s0)
80000cc8:	00e69733          	sll	a4,a3,a4
80000ccc:	00e7a023          	sw	a4,0(a5)
		putchars("Ustawiam wartosc na: ");
80000cd0:	800017b7          	lui	a5,0x80001
80000cd4:	fd478513          	addi	a0,a5,-44 # 80000fd4 <__stack_top+0xf8000714>
80000cd8:	cb1ff0ef          	jal	ra,80000988 <putchars>
		putchars(num2hex(cnt));
80000cdc:	fec42503          	lw	a0,-20(s0)
80000ce0:	d49ff0ef          	jal	ra,80000a28 <num2hex>
80000ce4:	00050793          	mv	a5,a0
80000ce8:	00078513          	mv	a0,a5
80000cec:	c9dff0ef          	jal	ra,80000988 <putchars>
		putchars("\n");
80000cf0:	800017b7          	lui	a5,0x80001
80000cf4:	f1478513          	addi	a0,a5,-236 # 80000f14 <__stack_top+0xf8000654>
80000cf8:	c91ff0ef          	jal	ra,80000988 <putchars>
		if(cnt > 255) {
80000cfc:	fa1ff06f          	j	80000c9c <os1_zapis+0x28>

80000d00 <os1_odczyt>:
	}
}

// gpio -> processor (gpio_in -> sdata_out)
void os1_odczyt() {
80000d00:	fe010113          	addi	sp,sp,-32
80000d04:	00112e23          	sw	ra,28(sp)
80000d08:	00812c23          	sw	s0,24(sp)
80000d0c:	02010413          	addi	s0,sp,32
	putchars("Os 1\nADDR=0x01A4\nGPIO (4 najmlodsze bity) -> Processor (przesuniecie 13):\n\n######\nTEST ODCZYTU:\n#####\n\n");
80000d10:	800017b7          	lui	a5,0x80001
80000d14:	fec78513          	addi	a0,a5,-20 # 80000fec <__stack_top+0xf800072c>
80000d18:	c71ff0ef          	jal	ra,80000988 <putchars>
	
	for(;;) {
		u32 current_value = RAW_SPACE(SYKT_GPIO_OS1_ADDR);
80000d1c:	001017b7          	lui	a5,0x101
80000d20:	a6478793          	addi	a5,a5,-1436 # 100a64 <_start-0x7feffe5c>
80000d24:	0007a783          	lw	a5,0(a5)
80000d28:	fef42623          	sw	a5,-20(s0)
		putchars("Wartosc na magistrali procesora: ");
80000d2c:	800017b7          	lui	a5,0x80001
80000d30:	05478513          	addi	a0,a5,84 # 80001054 <__stack_top+0xf8000794>
80000d34:	c55ff0ef          	jal	ra,80000988 <putchars>
		putchars(num2hex(current_value));
80000d38:	fec42503          	lw	a0,-20(s0)
80000d3c:	cedff0ef          	jal	ra,80000a28 <num2hex>
80000d40:	00050793          	mv	a5,a0
80000d44:	00078513          	mv	a0,a5
80000d48:	c41ff0ef          	jal	ra,80000988 <putchars>
		putchars("\n\n");
80000d4c:	800017b7          	lui	a5,0x80001
80000d50:	07878513          	addi	a0,a5,120 # 80001078 <__stack_top+0xf80007b8>
80000d54:	c35ff0ef          	jal	ra,80000988 <putchars>
	for(;;) {
80000d58:	fc5ff06f          	j	80000d1c <os1_odczyt+0x1c>

80000d5c <os2_zapis>:
	
	putchars("Exited.");
}

// processor -> gpio (sdata_in -> gpio_out)
void os2_zapis() {
80000d5c:	fe010113          	addi	sp,sp,-32
80000d60:	00112e23          	sw	ra,28(sp)
80000d64:	00812c23          	sw	s0,24(sp)
80000d68:	02010413          	addi	s0,sp,32
	putchars("Os 2\nADDR=0x01D4\nProcessor (przesuniecie 1) -> GPIO (4 najstarsze bity):\n\n######\nTEST ZAPISU:\n#####\n\n");
80000d6c:	800017b7          	lui	a5,0x80001
80000d70:	07c78513          	addi	a0,a5,124 # 8000107c <__stack_top+0xf80007bc>
80000d74:	c15ff0ef          	jal	ra,80000988 <putchars>
	u32 cnt = 0;
80000d78:	fe042623          	sw	zero,-20(s0)
	u32 przesuniecie = 1;
80000d7c:	00100793          	li	a5,1
80000d80:	fef42423          	sw	a5,-24(s0)
	for(;;) {
		if(cnt > 255) {
80000d84:	fec42703          	lw	a4,-20(s0)
80000d88:	0ff00793          	li	a5,255
80000d8c:	00e7f463          	bgeu	a5,a4,80000d94 <os2_zapis+0x38>
			cnt = 0;
80000d90:	fe042623          	sw	zero,-20(s0)
		}
		cnt = cnt + 1;
80000d94:	fec42783          	lw	a5,-20(s0)
80000d98:	00178793          	addi	a5,a5,1
80000d9c:	fef42623          	sw	a5,-20(s0)
		RAW_SPACE(SYKT_GPIO_OS2_ADDR) = cnt << przesuniecie;
80000da0:	001017b7          	lui	a5,0x101
80000da4:	a9478793          	addi	a5,a5,-1388 # 100a94 <_start-0x7feffe2c>
80000da8:	fe842703          	lw	a4,-24(s0)
80000dac:	fec42683          	lw	a3,-20(s0)
80000db0:	00e69733          	sll	a4,a3,a4
80000db4:	00e7a023          	sw	a4,0(a5)
		putchars("Ustawiam wartosc na: ");
80000db8:	800017b7          	lui	a5,0x80001
80000dbc:	fd478513          	addi	a0,a5,-44 # 80000fd4 <__stack_top+0xf8000714>
80000dc0:	bc9ff0ef          	jal	ra,80000988 <putchars>
		putchars(num2hex(cnt));
80000dc4:	fec42503          	lw	a0,-20(s0)
80000dc8:	c61ff0ef          	jal	ra,80000a28 <num2hex>
80000dcc:	00050793          	mv	a5,a0
80000dd0:	00078513          	mv	a0,a5
80000dd4:	bb5ff0ef          	jal	ra,80000988 <putchars>
		putchars("\n");
80000dd8:	800017b7          	lui	a5,0x80001
80000ddc:	f1478513          	addi	a0,a5,-236 # 80000f14 <__stack_top+0xf8000654>
80000de0:	ba9ff0ef          	jal	ra,80000988 <putchars>
		if(cnt > 255) {
80000de4:	fa1ff06f          	j	80000d84 <os2_zapis+0x28>

80000de8 <os2_odczyt>:
	}
}

// processor -> gpio (gpio_in -> sdata_out)
void os2_odczyt() {
80000de8:	fe010113          	addi	sp,sp,-32
80000dec:	00112e23          	sw	ra,28(sp)
80000df0:	00812c23          	sw	s0,24(sp)
80000df4:	02010413          	addi	s0,sp,32
	putchars("Os 2\nADDR=0x01D4\nGPIO (4 najstarsze bity) -> Processor (przesuniecie 1):\n\n######\nTEST ODCZYTU:\n#####\n\n");
80000df8:	800017b7          	lui	a5,0x80001
80000dfc:	0e478513          	addi	a0,a5,228 # 800010e4 <__stack_top+0xf8000824>
80000e00:	b89ff0ef          	jal	ra,80000988 <putchars>
	
	for(;;) {
		u32 current_value = RAW_SPACE(SYKT_GPIO_OS2_ADDR);
80000e04:	001017b7          	lui	a5,0x101
80000e08:	a9478793          	addi	a5,a5,-1388 # 100a94 <_start-0x7feffe2c>
80000e0c:	0007a783          	lw	a5,0(a5)
80000e10:	fef42623          	sw	a5,-20(s0)
		putchars("Wartosc na magistrali procesora: ");
80000e14:	800017b7          	lui	a5,0x80001
80000e18:	05478513          	addi	a0,a5,84 # 80001054 <__stack_top+0xf8000794>
80000e1c:	b6dff0ef          	jal	ra,80000988 <putchars>
		putchars(num2hex(current_value));
80000e20:	fec42503          	lw	a0,-20(s0)
80000e24:	c05ff0ef          	jal	ra,80000a28 <num2hex>
80000e28:	00050793          	mv	a5,a0
80000e2c:	00078513          	mv	a0,a5
80000e30:	b59ff0ef          	jal	ra,80000988 <putchars>
		putchars("\n\n");
80000e34:	800017b7          	lui	a5,0x80001
80000e38:	07878513          	addi	a0,a5,120 # 80001078 <__stack_top+0xf80007b8>
80000e3c:	b4dff0ef          	jal	ra,80000988 <putchars>
	for(;;) {
80000e40:	fc5ff06f          	j	80000e04 <os2_odczyt+0x1c>

80000e44 <zly_addr_odczyt>:
	putchars("Exited.");
}

// bad address - neutrality test:
// gpio -> processor
void zly_addr_odczyt() {
80000e44:	fe010113          	addi	sp,sp,-32
80000e48:	00112e23          	sw	ra,28(sp)
80000e4c:	00812c23          	sw	s0,24(sp)
80000e50:	02010413          	addi	s0,sp,32
	putchars("TEST ZLEGO ADRESU - ODCZYT\nADDR=0x3333\n");
80000e54:	800017b7          	lui	a5,0x80001
80000e58:	14c78513          	addi	a0,a5,332 # 8000114c <__stack_top+0xf800088c>
80000e5c:	b2dff0ef          	jal	ra,80000988 <putchars>
	
	for(;;) {
		u32 current_value = RAW_SPACE(BAD_ADDR);
80000e60:	000037b7          	lui	a5,0x3
80000e64:	33378793          	addi	a5,a5,819 # 3333 <_start-0x7fffd58d>
80000e68:	0007a783          	lw	a5,0(a5)
80000e6c:	fef42623          	sw	a5,-20(s0)
		putchars("Wartosc na magistrali procesora: ");
80000e70:	800017b7          	lui	a5,0x80001
80000e74:	05478513          	addi	a0,a5,84 # 80001054 <__stack_top+0xf8000794>
80000e78:	b11ff0ef          	jal	ra,80000988 <putchars>
		putchars(num2hex(current_value));
80000e7c:	fec42503          	lw	a0,-20(s0)
80000e80:	ba9ff0ef          	jal	ra,80000a28 <num2hex>
80000e84:	00050793          	mv	a5,a0
80000e88:	00078513          	mv	a0,a5
80000e8c:	afdff0ef          	jal	ra,80000988 <putchars>
		putchars("\n\n");
80000e90:	800017b7          	lui	a5,0x80001
80000e94:	07878513          	addi	a0,a5,120 # 80001078 <__stack_top+0xf80007b8>
80000e98:	af1ff0ef          	jal	ra,80000988 <putchars>
	for(;;) {
80000e9c:	fc5ff06f          	j	80000e60 <zly_addr_odczyt+0x1c>

80000ea0 <main>:
	}
	
}

int main(void) {
80000ea0:	ff010113          	addi	sp,sp,-16
80000ea4:	00112623          	sw	ra,12(sp)
80000ea8:	00812423          	sw	s0,8(sp)
80000eac:	01010413          	addi	s0,sp,16
    putchars("RISCV-APP: test ("__FILE__", "__DATE__", "__TIME__")\n");
80000eb0:	800017b7          	lui	a5,0x80001
80000eb4:	17478513          	addi	a0,a5,372 # 80001174 <__stack_top+0xf80008b4>
80000eb8:	ad1ff0ef          	jal	ra,80000988 <putchars>
	
	// odczyt os2
	//os2_odczyt();
	
	// odczyt zly adres
	zly_addr_odczyt();
80000ebc:	f89ff0ef          	jal	ra,80000e44 <zly_addr_odczyt>
	
	// Closing
	putchars("Closing simulation...\n");
80000ec0:	800017b7          	lui	a5,0x80001
80000ec4:	1a878513          	addi	a0,a5,424 # 800011a8 <__stack_top+0xf80008e8>
80000ec8:	ac1ff0ef          	jal	ra,80000988 <putchars>
	my_simulation_exit((unsigned char)SYKOM_EXIT_VAL);
80000ecc:	03300513          	li	a0,51
80000ed0:	a09ff0ef          	jal	ra,800008d8 <my_simulation_exit>

    return 0;
80000ed4:	00000793          	li	a5,0
}
80000ed8:	00078513          	mv	a0,a5
80000edc:	00c12083          	lw	ra,12(sp)
80000ee0:	00812403          	lw	s0,8(sp)
80000ee4:	01010113          	addi	sp,sp,16
80000ee8:	00008067          	ret

Disassembly of section .rodata:

80000eec <.rodata>:
80000eec:	3130                	fld	fa2,96(a0)
80000eee:	3332                	fld	ft6,296(sp)
80000ef0:	3534                	fld	fa3,104(a0)
80000ef2:	3736                	fld	fa4,360(sp)
80000ef4:	3938                	fld	fa4,112(a0)
80000ef6:	4241                	li	tp,16
80000ef8:	46454443          	fmadd.q	fs0,fa0,ft4,fs0,rmm
80000efc:	0000                	unimp
80000efe:	0000                	unimp
80000f00:	72617453          	0x72617453
80000f04:	2074                	fld	fa3,192(s0)
80000f06:	6e756f63          	bltu	a0,t2,80001604 <__BSS_END__+0x40c>
80000f0a:	2074                	fld	fa3,192(s0)
80000f0c:	6574756f          	jal	a0,80048d62 <__global_pointer$+0x46376>
80000f10:	0a72                	slli	s4,s4,0x1c
80000f12:	0000                	unimp
80000f14:	000a                	c.slli	zero,0x2
80000f16:	0000                	unimp
80000f18:	72617453          	0x72617453
80000f1c:	6574                	flw	fa3,76(a0)
80000f1e:	2064                	fld	fs1,192(s0)
80000f20:	6e756f63          	bltu	a0,t2,8000161e <__BSS_END__+0x426>
80000f24:	6574                	flw	fa3,76(a0)
80000f26:	0a72                	slli	s4,s4,0x1c
80000f28:	0000                	unimp
80000f2a:	0000                	unimp
80000f2c:	4942                	lw	s2,16(sp)
80000f2e:	5354                	lw	a3,36(a4)
80000f30:	4154                	lw	a3,4(a0)
80000f32:	5554                	lw	a3,44(a0)
80000f34:	00003d53          	fadd.s	fs10,ft0,ft0,rup
80000f38:	230a                	fld	ft6,128(sp)
80000f3a:	23232323          	sw	s2,550(t1)
80000f3e:	23232323          	sw	s2,550(t1)
80000f42:	000a                	c.slli	zero,0x2
80000f44:	6e756f43          	fmadd.q	ft10,fa0,ft7,fa3,unknown
80000f48:	6974                	flw	fa3,84(a0)
80000f4a:	676e                	flw	fa4,216(sp)
80000f4c:	2e2e                	fld	ft8,200(sp)
80000f4e:	0a2e                	slli	s4,s4,0xb
80000f50:	0000                	unimp
80000f52:	0000                	unimp
80000f54:	494c                	lw	a1,20(a0)
80000f56:	494e5a43          	fmadd.s	fs4,ft8,fs4,fs1,unknown
80000f5a:	00003d4b          	fnmsub.s	fs10,ft0,ft0,ft0,rup
80000f5e:	0000                	unimp
80000f60:	6e45                	lui	t3,0x11
80000f62:	2064                	fld	fs1,192(s0)
80000f64:	6e756f63          	bltu	a0,t2,80001662 <__BSS_END__+0x46a>
80000f68:	0a74                	addi	a3,sp,284
80000f6a:	0000                	unimp
80000f6c:	3120734f          	fnmadd.s	ft6,ft0,fs2,ft6
80000f70:	410a                	lw	sp,128(sp)
80000f72:	4444                	lw	s1,12(s0)
80000f74:	3d52                	fld	fs10,304(sp)
80000f76:	7830                	flw	fa2,112(s0)
80000f78:	3130                	fld	fa2,96(a0)
80000f7a:	3441                	jal	800009fa <val2hex+0x6>
80000f7c:	500a                	0x500a
80000f7e:	6f72                	flw	ft10,28(sp)
80000f80:	73736563          	bltu	t1,s7,800016aa <__BSS_END__+0x4b2>
80000f84:	2820726f          	jal	tp,80008206 <__global_pointer$+0x581a>
80000f88:	7270                	flw	fa2,100(a2)
80000f8a:	657a                	flw	fa0,156(sp)
80000f8c:	696e7573          	csrrci	a0,0x696,28
80000f90:	6365                	lui	t1,0x19
80000f92:	6569                	lui	a0,0x1a
80000f94:	3120                	fld	fs0,96(a0)
80000f96:	2d202933          	0x2d202933
80000f9a:	203e                	fld	ft0,456(sp)
80000f9c:	4f495047          	fmsub.q	ft0,fs2,fs4,fs1,unknown
80000fa0:	2820                	fld	fs0,80(s0)
80000fa2:	2034                	fld	fa3,64(s0)
80000fa4:	616e                	flw	ft2,216(sp)
80000fa6:	6d6a                	flw	fs10,152(sp)
80000fa8:	6f6c                	flw	fa1,92(a4)
80000faa:	7364                	flw	fs1,100(a4)
80000fac:	657a                	flw	fa0,156(sp)
80000fae:	6220                	flw	fs0,64(a2)
80000fb0:	7469                	lui	s0,0xffffa
80000fb2:	2979                	jal	80001450 <__BSS_END__+0x258>
80000fb4:	0a3a                	slli	s4,s4,0xe
80000fb6:	230a                	fld	ft6,128(sp)
80000fb8:	23232323          	sw	s2,550(t1) # 19226 <_start-0x7ffe769a>
80000fbc:	45540a23          	sb	s5,1108(s0) # ffffa454 <__stack_top+0x77ff9b94>
80000fc0:	5a205453          	0x5a205453
80000fc4:	5041                	c.li	zero,-16
80000fc6:	5349                	li	t1,-14
80000fc8:	3a55                	jal	8000097c <my_get_cpu_id+0x1c>
80000fca:	230a                	fld	ft6,128(sp)
80000fcc:	23232323          	sw	s2,550(t1)
80000fd0:	0a0a                	slli	s4,s4,0x2
80000fd2:	0000                	unimp
80000fd4:	7355                	lui	t1,0xffff5
80000fd6:	6174                	flw	fa3,68(a0)
80000fd8:	6d616977          	0x6d616977
80000fdc:	7720                	flw	fs0,104(a4)
80000fde:	7261                	lui	tp,0xffff8
80000fe0:	6f74                	flw	fa3,92(a4)
80000fe2:	6e206373          	csrrsi	t1,0x6e2,0
80000fe6:	3a61                	jal	8000097e <my_get_cpu_id+0x1e>
80000fe8:	0020                	addi	s0,sp,8
80000fea:	0000                	unimp
80000fec:	3120734f          	fnmadd.s	ft6,ft0,fs2,ft6
80000ff0:	410a                	lw	sp,128(sp)
80000ff2:	4444                	lw	s1,12(s0)
80000ff4:	3d52                	fld	fs10,304(sp)
80000ff6:	7830                	flw	fa2,112(s0)
80000ff8:	3130                	fld	fa2,96(a0)
80000ffa:	3441                	jal	80000a7a <num2hex+0x52>
80000ffc:	470a                	lw	a4,128(sp)
80000ffe:	4950                	lw	a2,20(a0)
80001000:	3428204f          	0x3428204f
80001004:	6e20                	flw	fs0,88(a2)
80001006:	6a61                	lui	s4,0x18
80001008:	6c6d                	lui	s8,0x1b
8000100a:	7a73646f          	jal	s0,80037fb0 <__global_pointer$+0x355c4>
8000100e:	2065                	jal	800010b6 <main+0x216>
80001010:	6962                	flw	fs2,24(sp)
80001012:	7974                	flw	fa3,116(a0)
80001014:	2029                	jal	8000101e <main+0x17e>
80001016:	3e2d                	jal	80000b50 <count+0x90>
80001018:	5020                	lw	s0,96(s0)
8000101a:	6f72                	flw	ft10,28(sp)
8000101c:	73736563          	bltu	t1,s7,80001746 <__BSS_END__+0x54e>
80001020:	2820726f          	jal	tp,800082a2 <__global_pointer$+0x58b6>
80001024:	7270                	flw	fa2,100(a2)
80001026:	657a                	flw	fa0,156(sp)
80001028:	696e7573          	csrrci	a0,0x696,28
8000102c:	6365                	lui	t1,0x19
8000102e:	6569                	lui	a0,0x1a
80001030:	3120                	fld	fs0,96(a0)
80001032:	0a3a2933          	0xa3a2933
80001036:	230a                	fld	ft6,128(sp)
80001038:	23232323          	sw	s2,550(t1) # 19226 <_start-0x7ffe769a>
8000103c:	45540a23          	sb	s5,1108(s0)
80001040:	4f205453          	0x4f205453
80001044:	4344                	lw	s1,4(a4)
80001046:	595a                	lw	s2,180(sp)
80001048:	5554                	lw	a3,44(a0)
8000104a:	0a3a                	slli	s4,s4,0xe
8000104c:	23232323          	sw	s2,550(t1)
80001050:	000a0a23          	sb	zero,20(s4) # 18014 <_start-0x7ffe88ac>
80001054:	74726157          	0x74726157
80001058:	2063736f          	jal	t1,8003825e <__global_pointer$+0x35872>
8000105c:	616e                	flw	ft2,216(sp)
8000105e:	6d20                	flw	fs0,88(a0)
80001060:	6761                	lui	a4,0x18
80001062:	7369                	lui	t1,0xffffa
80001064:	7274                	flw	fa3,100(a2)
80001066:	6c61                	lui	s8,0x18
80001068:	2069                	jal	800010f2 <main+0x252>
8000106a:	7270                	flw	fa2,100(a2)
8000106c:	7365636f          	jal	t1,800577a2 <__global_pointer$+0x54db6>
80001070:	3a61726f          	jal	tp,80018416 <__global_pointer$+0x15a2a>
80001074:	0020                	addi	s0,sp,8
80001076:	0000                	unimp
80001078:	0a0a                	slli	s4,s4,0x2
8000107a:	0000                	unimp
8000107c:	3220734f          	fnmadd.d	ft6,ft0,ft2,ft6
80001080:	410a                	lw	sp,128(sp)
80001082:	4444                	lw	s1,12(s0)
80001084:	3d52                	fld	fs10,304(sp)
80001086:	7830                	flw	fa2,112(s0)
80001088:	3130                	fld	fa2,96(a0)
8000108a:	3444                	fld	fs1,168(s0)
8000108c:	500a                	0x500a
8000108e:	6f72                	flw	ft10,28(sp)
80001090:	73736563          	bltu	t1,s7,800017ba <__BSS_END__+0x5c2>
80001094:	2820726f          	jal	tp,80008316 <__global_pointer$+0x592a>
80001098:	7270                	flw	fa2,100(a2)
8000109a:	657a                	flw	fa0,156(sp)
8000109c:	696e7573          	csrrci	a0,0x696,28
800010a0:	6365                	lui	t1,0x19
800010a2:	6569                	lui	a0,0x1a
800010a4:	3120                	fld	fs0,96(a0)
800010a6:	2029                	jal	800010b0 <main+0x210>
800010a8:	3e2d                	jal	80000be2 <count+0x122>
800010aa:	4720                	lw	s0,72(a4)
800010ac:	4950                	lw	a2,20(a0)
800010ae:	3428204f          	0x3428204f
800010b2:	6e20                	flw	fs0,88(a2)
800010b4:	6a61                	lui	s4,0x18
800010b6:	72617473          	csrrci	s0,0x726,2
800010ba:	20657a73          	csrrci	s4,0x206,10
800010be:	6962                	flw	fs2,24(sp)
800010c0:	7974                	flw	fa3,116(a0)
800010c2:	3a29                	jal	800009dc <putchars+0x54>
800010c4:	0a0a                	slli	s4,s4,0x2
800010c6:	23232323          	sw	s2,550(t1) # 19226 <_start-0x7ffe769a>
800010ca:	540a2323          	sw	zero,1350(s4) # 18546 <_start-0x7ffe837a>
800010ce:	5345                	li	t1,-15
800010d0:	2054                	fld	fa3,128(s0)
800010d2:	415a                	lw	sp,148(sp)
800010d4:	4950                	lw	a2,20(a0)
800010d6:	0a3a5553          	fsub.d	fa0,fs4,ft3,unknown
800010da:	23232323          	sw	s2,550(t1)
800010de:	000a0a23          	sb	zero,20(s4)
800010e2:	0000                	unimp
800010e4:	3220734f          	fnmadd.d	ft6,ft0,ft2,ft6
800010e8:	410a                	lw	sp,128(sp)
800010ea:	4444                	lw	s1,12(s0)
800010ec:	3d52                	fld	fs10,304(sp)
800010ee:	7830                	flw	fa2,112(s0)
800010f0:	3130                	fld	fa2,96(a0)
800010f2:	3444                	fld	fs1,168(s0)
800010f4:	470a                	lw	a4,128(sp)
800010f6:	4950                	lw	a2,20(a0)
800010f8:	3428204f          	0x3428204f
800010fc:	6e20                	flw	fs0,88(a2)
800010fe:	6a61                	lui	s4,0x18
80001100:	72617473          	csrrci	s0,0x726,2
80001104:	20657a73          	csrrci	s4,0x206,10
80001108:	6962                	flw	fs2,24(sp)
8000110a:	7974                	flw	fa3,116(a0)
8000110c:	2029                	jal	80001116 <main+0x276>
8000110e:	3e2d                	jal	80000c48 <count+0x188>
80001110:	5020                	lw	s0,96(s0)
80001112:	6f72                	flw	ft10,28(sp)
80001114:	73736563          	bltu	t1,s7,8000183e <__BSS_END__+0x646>
80001118:	2820726f          	jal	tp,8000839a <__global_pointer$+0x59ae>
8000111c:	7270                	flw	fa2,100(a2)
8000111e:	657a                	flw	fa0,156(sp)
80001120:	696e7573          	csrrci	a0,0x696,28
80001124:	6365                	lui	t1,0x19
80001126:	6569                	lui	a0,0x1a
80001128:	3120                	fld	fs0,96(a0)
8000112a:	3a29                	jal	80000a44 <num2hex+0x1c>
8000112c:	0a0a                	slli	s4,s4,0x2
8000112e:	23232323          	sw	s2,550(t1) # 19226 <_start-0x7ffe769a>
80001132:	540a2323          	sw	zero,1350(s4) # 18546 <_start-0x7ffe837a>
80001136:	5345                	li	t1,-15
80001138:	2054                	fld	fa3,128(s0)
8000113a:	5a43444f          	fnmadd.d	fs0,ft6,ft4,fa1,rmm
8000113e:	5459                	li	s0,-10
80001140:	3a55                	jal	80000af4 <count+0x34>
80001142:	230a                	fld	ft6,128(sp)
80001144:	23232323          	sw	s2,550(t1)
80001148:	0a0a                	slli	s4,s4,0x2
8000114a:	0000                	unimp
8000114c:	4554                	lw	a3,12(a0)
8000114e:	5a205453          	0x5a205453
80001152:	454c                	lw	a1,12(a0)
80001154:	41204f47          	fmsub.s	ft10,ft0,fs2,fs0,rmm
80001158:	5244                	lw	s1,36(a2)
8000115a:	5345                	li	t1,-15
8000115c:	2055                	jal	80001200 <__BSS_END__+0x8>
8000115e:	202d                	jal	80001188 <main+0x2e8>
80001160:	5a43444f          	fnmadd.d	fs0,ft6,ft4,fa1,rmm
80001164:	5459                	li	s0,-10
80001166:	410a                	lw	sp,128(sp)
80001168:	4444                	lw	s1,12(s0)
8000116a:	3d52                	fld	fs10,304(sp)
8000116c:	7830                	flw	fa2,112(s0)
8000116e:	33333333          	0x33333333
80001172:	000a                	c.slli	zero,0x2
80001174:	4952                	lw	s2,20(sp)
80001176:	2d564353          	0x2d564353
8000117a:	5041                	c.li	zero,-16
8000117c:	3a50                	fld	fa2,176(a2)
8000117e:	7420                	flw	fs0,104(s0)
80001180:	7365                	lui	t1,0xffff9
80001182:	2074                	fld	fa3,192(s0)
80001184:	6d28                	flw	fa0,88(a0)
80001186:	6961                	lui	s2,0x18
80001188:	2e6e                	fld	ft8,216(sp)
8000118a:	41202c63          	0x41202c63
8000118e:	7270                	flw	fa2,100(a2)
80001190:	3220                	fld	fs0,96(a2)
80001192:	2039                	jal	800011a0 <main+0x300>
80001194:	3032                	fld	ft0,296(sp)
80001196:	3332                	fld	ft6,296(sp)
80001198:	202c                	fld	fa1,64(s0)
8000119a:	3331                	jal	80000ea6 <main+0x6>
8000119c:	323a                	fld	ft4,424(sp)
8000119e:	30323a37          	lui	s4,0x30323
800011a2:	0a29                	addi	s4,s4,10
800011a4:	0000                	unimp
800011a6:	0000                	unimp
800011a8:	736f6c43          	fmadd.d	fs8,ft10,fs6,fa4,unknown
800011ac:	6e69                	lui	t3,0x1a
800011ae:	69732067          	0x69732067
800011b2:	756d                	lui	a0,0xffffb
800011b4:	616c                	flw	fa1,68(a0)
800011b6:	6974                	flw	fa3,84(a0)
800011b8:	2e2e6e6f          	jal	t3,800e749a <__global_pointer$+0xe4aae>
800011bc:	0a2e                	slli	s4,s4,0xb
	...

Disassembly of section .eh_frame:

800011c0 <__DATA_BEGIN__-0x102c>:
800011c0:	0014                	0x14
800011c2:	0000                	unimp
800011c4:	0000                	unimp
800011c6:	0000                	unimp
800011c8:	00527a03          	0x527a03
800011cc:	7c01                	lui	s8,0xfffe0
800011ce:	0101                	addi	sp,sp,0
800011d0:	07020d1b          	0x7020d1b
800011d4:	0001                	nop
800011d6:	0000                	unimp
800011d8:	0010                	0x10
800011da:	0000                	unimp
800011dc:	001c                	0x1c
800011de:	0000                	unimp
800011e0:	f6e0                	fsw	fs0,108(a3)
800011e2:	ffff                	0xffff
800011e4:	0018                	0x18
800011e6:	0000                	unimp
800011e8:	0000                	unimp
	...

Disassembly of section .sbss:

800011ec <result>:
	...

Disassembly of section .comment:

00000000 <.comment>:
   0:	3a434347          	fmsub.d	ft6,ft6,ft4,ft7,rmm
   4:	2820                	fld	fs0,80(s0)
   6:	29554e47          	fmsub.s	ft8,fa0,fs5,ft5,rmm
   a:	3120                	fld	fs0,96(a0)
   c:	2e30                	fld	fa2,88(a2)
   e:	2e32                	fld	ft8,264(sp)
  10:	0030                	addi	a2,sp,8

Disassembly of section .riscv.attributes:

00000000 <.riscv.attributes>:
   0:	1b41                	addi	s6,s6,-16
   2:	0000                	unimp
   4:	7200                	flw	fs0,32(a2)
   6:	7369                	lui	t1,0xffffa
   8:	01007663          	bgeu	zero,a6,14 <_start-0x800008ac>
   c:	0011                	c.nop	4
   e:	0000                	unimp
  10:	1004                	addi	s1,sp,32
  12:	7205                	lui	tp,0xfffe1
  14:	3376                	fld	ft6,376(sp)
  16:	6932                	flw	fs2,12(sp)
  18:	7032                	flw	ft0,44(sp)
  1a:	0030                	addi	a2,sp,8

Disassembly of section .debug_aranges:

00000000 <.debug_aranges>:
   0:	001c                	0x1c
   2:	0000                	unimp
   4:	0002                	c.slli64	zero
   6:	0000                	unimp
   8:	0000                	unimp
   a:	0004                	0x4
   c:	0000                	unimp
   e:	0000                	unimp
  10:	08c0                	addi	s0,sp,84
  12:	8000                	0x8000
  14:	0018                	0x18
	...
  1e:	0000                	unimp
  20:	001c                	0x1c
  22:	0000                	unimp
  24:	0002                	c.slli64	zero
  26:	0026                	c.slli	zero,0x9
  28:	0000                	unimp
  2a:	0004                	0x4
  2c:	0000                	unimp
  2e:	0000                	unimp
  30:	08d8                	addi	a4,sp,84
  32:	8000                	0x8000
  34:	0614                	addi	a3,sp,768
	...

Disassembly of section .debug_info:

00000000 <.debug_info>:
   0:	0022                	c.slli	zero,0x8
   2:	0000                	unimp
   4:	0002                	c.slli64	zero
   6:	0000                	unimp
   8:	0000                	unimp
   a:	0104                	addi	s1,sp,128
   c:	0000                	unimp
   e:	0000                	unimp
  10:	08c0                	addi	s0,sp,84
  12:	8000                	0x8000
  14:	08d8                	addi	a4,sp,84
  16:	8000                	0x8000
  18:	0000                	unimp
  1a:	0000                	unimp
  1c:	00000007          	0x7
  20:	00000027          	0x27
  24:	8001                	c.srli64	s0
  26:	02b5                	addi	t0,t0,13
  28:	0000                	unimp
  2a:	0004                	0x4
  2c:	0014                	0x14
  2e:	0000                	unimp
  30:	0104                	addi	s1,sp,128
  32:	000000c3          	fmadd.s	ft1,ft0,ft0,ft0,rne
  36:	4b0c                	lw	a1,16(a4)
  38:	0000                	unimp
  3a:	0700                	addi	s0,sp,896
  3c:	0000                	unimp
  3e:	d800                	sw	s0,48(s0)
  40:	0008                	0x8
  42:	1480                	addi	s0,sp,608
  44:	0006                	c.slli	zero,0x1
  46:	4900                	lw	s0,16(a0)
  48:	0000                	unimp
  4a:	0200                	addi	s0,sp,256
  4c:	003c                	addi	a5,sp,8
  4e:	0000                	unimp
  50:	0035                	c.nop	13
  52:	0000                	unimp
  54:	00003503          	0x3503
  58:	0700                	addi	s0,sp,896
  5a:	0400                	addi	s0,sp,512
  5c:	0704                	addi	s1,sp,896
  5e:	0068                	addi	a0,sp,12
  60:	0000                	unimp
  62:	0104                	addi	s1,sp,128
  64:	8e08                	0x8e08
  66:	0000                	unimp
  68:	0500                	addi	s0,sp,640
  6a:	00a1                	addi	ra,ra,8
  6c:	0000                	unimp
  6e:	2101                	jal	46e <_start-0x80000452>
  70:	0000250f          	0x250f
  74:	0500                	addi	s0,sp,640
  76:	0011ec03          	0x11ec03
  7a:	0680                	addi	s0,sp,832
  7c:	009c                	addi	a5,sp,64
  7e:	0000                	unimp
  80:	be01                	j	fffffb90 <__stack_top+0x77fff2d0>
  82:	6b05                	lui	s6,0x1
  84:	0000                	unimp
  86:	a000                	fsd	fs0,0(s0)
  88:	000e                	c.slli	zero,0x3
  8a:	4c80                	lw	s0,24(s1)
  8c:	0000                	unimp
  8e:	0100                	addi	s0,sp,128
  90:	079c                	addi	a5,sp,960
  92:	0504                	addi	s1,sp,640
  94:	6e69                	lui	t3,0x1a
  96:	0074                	addi	a3,sp,12
  98:	a808                	fsd	fa0,16(s0)
  9a:	0000                	unimp
  9c:	0100                	addi	s0,sp,128
  9e:	06b2                	slli	a3,a3,0xc
  a0:	0e44                	addi	s1,sp,788
  a2:	8000                	0x8000
  a4:	005c                	addi	a5,sp,4
  a6:	0000                	unimp
  a8:	9c01                	0x9c01
  aa:	00a2                	slli	ra,ra,0x8
  ac:	0000                	unimp
  ae:	6009                	c.lui	zero,0x2
  b0:	000e                	c.slli	zero,0x3
  b2:	3c80                	fld	fs0,56(s1)
  b4:	0000                	unimp
  b6:	0a00                	addi	s0,sp,272
  b8:	00000033          	add	zero,zero,zero
  bc:	b601                	j	fffffbbc <__stack_top+0x77fff2fc>
  be:	0000a207          	flw	ft4,0(ra)
  c2:	0200                	addi	s0,sp,256
  c4:	6c91                	lui	s9,0x4
  c6:	0000                	unimp
  c8:	0404                	addi	s1,sp,512
  ca:	00006307          	0x6307
  ce:	0800                	addi	s0,sp,16
  d0:	0145                	addi	sp,sp,17
  d2:	0000                	unimp
  d4:	a301                	j	5d4 <_start-0x800002ec>
  d6:	e806                	fsw	ft1,16(sp)
  d8:	000d                	c.nop	3
  da:	5c80                	lw	s0,56(s1)
  dc:	0000                	unimp
  de:	0100                	addi	s0,sp,128
  e0:	d99c                	sw	a5,48(a1)
  e2:	0000                	unimp
  e4:	0900                	addi	s0,sp,144
  e6:	0e04                	addi	s1,sp,784
  e8:	8000                	0x8000
  ea:	003c                	addi	a5,sp,8
  ec:	0000                	unimp
  ee:	330a                	fld	ft6,160(sp)
  f0:	0000                	unimp
  f2:	0100                	addi	s0,sp,128
  f4:	00a207a7          	0xa207a7
  f8:	0000                	unimp
  fa:	9102                	jalr	sp
  fc:	006c                	addi	a1,sp,12
  fe:	0800                	addi	s0,sp,16
 100:	0041                	c.nop	16
 102:	0000                	unimp
 104:	9201                	srli	a2,a2,0x20
 106:	5c06                	lw	s8,96(sp)
 108:	000d                	c.nop	3
 10a:	8c80                	0x8c80
 10c:	0000                	unimp
 10e:	0100                	addi	s0,sp,128
 110:	0e9c                	addi	a5,sp,848
 112:	0001                	nop
 114:	0b00                	addi	s0,sp,400
 116:	00746e63          	bltu	s0,t2,132 <_start-0x8000078e>
 11a:	9401                	srai	s0,s0,0x20
 11c:	a206                	fsd	ft1,256(sp)
 11e:	0000                	unimp
 120:	0200                	addi	s0,sp,256
 122:	6c91                	lui	s9,0x4
 124:	500a                	0x500a
 126:	0001                	nop
 128:	0100                	addi	s0,sp,128
 12a:	0695                	addi	a3,a3,5
 12c:	00a2                	slli	ra,ra,0x8
 12e:	0000                	unimp
 130:	9102                	jalr	sp
 132:	0068                	addi	a0,sp,12
 134:	b808                	fsd	fa0,48(s0)
 136:	0000                	unimp
 138:	0100                	addi	s0,sp,128
 13a:	0684                	addi	s1,sp,832
 13c:	0d00                	addi	s0,sp,656
 13e:	8000                	0x8000
 140:	005c                	addi	a5,sp,4
 142:	0000                	unimp
 144:	9c01                	0x9c01
 146:	013e                	slli	sp,sp,0xf
 148:	0000                	unimp
 14a:	1c09                	addi	s8,s8,-30
 14c:	000d                	c.nop	3
 14e:	3c80                	fld	fs0,56(s1)
 150:	0000                	unimp
 152:	0a00                	addi	s0,sp,272
 154:	00000033          	add	zero,zero,zero
 158:	8801                	andi	s0,s0,0
 15a:	0000a207          	flw	ft4,0(ra)
 15e:	0200                	addi	s0,sp,256
 160:	6c91                	lui	s9,0x4
 162:	0000                	unimp
 164:	6508                	flw	fa0,8(a0)
 166:	0001                	nop
 168:	0100                	addi	s0,sp,128
 16a:	0c740673          	0xc740673
 16e:	8000                	0x8000
 170:	008c                	addi	a1,sp,64
 172:	0000                	unimp
 174:	9c01                	0x9c01
 176:	00000173          	0x173
 17a:	746e630b          	0x746e630b
 17e:	0100                	addi	s0,sp,128
 180:	0675                	addi	a2,a2,29
 182:	00a2                	slli	ra,ra,0x8
 184:	0000                	unimp
 186:	9102                	jalr	sp
 188:	0a6c                	addi	a1,sp,284
 18a:	0150                	addi	a2,sp,132
 18c:	0000                	unimp
 18e:	7601                	lui	a2,0xfffe0
 190:	a206                	fsd	ft1,256(sp)
 192:	0000                	unimp
 194:	0200                	addi	s0,sp,256
 196:	6891                	lui	a7,0x4
 198:	0800                	addi	s0,sp,16
 19a:	0124                	addi	s1,sp,136
 19c:	0000                	unimp
 19e:	4401                	li	s0,0
 1a0:	c006                	sw	ra,0(sp)
 1a2:	000a                	c.slli	zero,0x2
 1a4:	b480                	fsd	fs0,40(s1)
 1a6:	0001                	nop
 1a8:	0100                	addi	s0,sp,128
 1aa:	b79c                	fsd	fa5,40(a5)
 1ac:	0001                	nop
 1ae:	0a00                	addi	s0,sp,272
 1b0:	0000013b          	0x13b
 1b4:	4601                	li	a2,0
 1b6:	a206                	fsd	ft1,256(sp)
 1b8:	0000                	unimp
 1ba:	0200                	addi	s0,sp,256
 1bc:	6891                	lui	a7,0x4
 1be:	1c0a                	slli	s8,s8,0x22
 1c0:	0001                	nop
 1c2:	0100                	addi	s0,sp,128
 1c4:	0649                	addi	a2,a2,18
 1c6:	00a2                	slli	ra,ra,0x8
 1c8:	0000                	unimp
 1ca:	9102                	jalr	sp
 1cc:	0a64                	addi	s1,sp,284
 1ce:	00000133          	add	sp,zero,zero
 1d2:	6101                	0x6101
 1d4:	a206                	fsd	ft1,256(sp)
 1d6:	0000                	unimp
 1d8:	0200                	addi	s0,sp,256
 1da:	6c91                	lui	s9,0x4
 1dc:	0c00                	addi	s0,sp,528
 1de:	015d                	addi	sp,sp,23
 1e0:	0000                	unimp
 1e2:	3b01                	jal	fffffef2 <__stack_top+0x77fff632>
 1e4:	f610                	fsw	fa2,40(a2)
 1e6:	0001                	nop
 1e8:	2800                	fld	fs0,16(s0)
 1ea:	000a                	c.slli	zero,0x2
 1ec:	9880                	0x9880
 1ee:	0000                	unimp
 1f0:	0100                	addi	s0,sp,128
 1f2:	f69c                	fsw	fa5,40(a3)
 1f4:	0001                	nop
 1f6:	0d00                	addi	s0,sp,656
 1f8:	006e                	c.slli	zero,0x1b
 1fa:	3b01                	jal	ffffff0a <__stack_top+0x77fff64a>
 1fc:	3525                	jal	24 <_start-0x8000089c>
 1fe:	0000                	unimp
 200:	0200                	addi	s0,sp,256
 202:	5c91                	li	s9,-28
 204:	4009                	c.li	zero,2
 206:	000a                	c.slli	zero,0x2
 208:	6080                	flw	fs0,0(s1)
 20a:	0000                	unimp
 20c:	0b00                	addi	s0,sp,400
 20e:	0069                	c.nop	26
 210:	3c01                	jal	fffffc20 <__stack_top+0x77fff360>
 212:	6b0a                	flw	fs6,128(sp)
 214:	0000                	unimp
 216:	0200                	addi	s0,sp,256
 218:	6c91                	lui	s9,0x4
 21a:	0000                	unimp
 21c:	040e                	slli	s0,s0,0x3
 21e:	003c                	addi	a5,sp,8
 220:	0000                	unimp
 222:	0000520f          	0x520f
 226:	0100                	addi	s0,sp,128
 228:	02240637          	lui	a2,0x2240
 22c:	0000                	unimp
 22e:	09f4                	addi	a3,sp,220
 230:	8000                	0x8000
 232:	0034                	addi	a3,sp,8
 234:	0000                	unimp
 236:	9c01                	0x9c01
 238:	0224                	addi	s1,sp,264
 23a:	0000                	unimp
 23c:	690d                	lui	s2,0x3
 23e:	0100                	addi	s0,sp,128
 240:	00351b37          	lui	s6,0x351
 244:	0000                	unimp
 246:	9102                	jalr	sp
 248:	006c                	addi	a1,sp,12
 24a:	0104                	addi	s1,sp,128
 24c:	9708                	0x9708
 24e:	0000                	unimp
 250:	1000                	addi	s0,sp,32
 252:	005a                	c.slli	zero,0x16
 254:	0000                	unimp
 256:	2f01                	jal	966 <_start-0x7fffff5a>
 258:	8806                	mv	a6,ra
 25a:	0009                	c.nop	2
 25c:	6c80                	flw	fs0,24(s1)
 25e:	0000                	unimp
 260:	0100                	addi	s0,sp,128
 262:	5c9c                	lw	a5,56(s1)
 264:	0002                	c.slli64	zero
 266:	0d00                	addi	s0,sp,656
 268:	2f010073          	0x2f010073
 26c:	f61e                	fsw	ft7,44(sp)
 26e:	0001                	nop
 270:	0200                	addi	s0,sp,256
 272:	5c91                	li	s9,-28
 274:	0100690b          	0x100690b
 278:	0630                	addi	a2,sp,776
 27a:	0000006b          	0x6b
 27e:	9102                	jalr	sp
 280:	006c                	addi	a1,sp,12
 282:	8011                	srli	s0,s0,0x4
 284:	0000                	unimp
 286:	0100                	addi	s0,sp,128
 288:	00a20f2b          	0xa20f2b
 28c:	0000                	unimp
 28e:	0960                	addi	s0,sp,156
 290:	8000                	0x8000
 292:	0028                	addi	a0,sp,8
 294:	0000                	unimp
 296:	9c01                	0x9c01
 298:	7512                	flw	fa0,36(sp)
 29a:	0000                	unimp
 29c:	0100                	addi	s0,sp,128
 29e:	091c0627          	0x91c0627
 2a2:	8000                	0x8000
 2a4:	0044                	addi	s1,sp,4
 2a6:	0000                	unimp
 2a8:	9c01                	0x9c01
 2aa:	0296                	slli	t0,t0,0x5
 2ac:	0000                	unimp
 2ae:	630d                	lui	t1,0x3
 2b0:	0100                	addi	s0,sp,128
 2b2:	003c1f27          	0x3c1f27
 2b6:	0000                	unimp
 2b8:	9102                	jalr	sp
 2ba:	6f13006f          	j	311aa <_start-0x7ffcf716>
 2be:	0001                	nop
 2c0:	0100                	addi	s0,sp,128
 2c2:	08d80623          	sb	a3,140(a6)
 2c6:	8000                	0x8000
 2c8:	0044                	addi	s1,sp,4
 2ca:	0000                	unimp
 2cc:	9c01                	0x9c01
 2ce:	2a14                	fld	fa3,16(a2)
 2d0:	0001                	nop
 2d2:	0100                	addi	s0,sp,128
 2d4:	003c2723          	sw	gp,14(s8) # fffe000e <__stack_top+0x77fdf74e>
 2d8:	0000                	unimp
 2da:	9102                	jalr	sp
 2dc:	          	j	2dc <_start-0x800005e4>

Disassembly of section .debug_abbrev:

00000000 <.debug_abbrev>:
   0:	1101                	addi	sp,sp,-32
   2:	1000                	addi	s0,sp,32
   4:	1106                	slli	sp,sp,0x21
   6:	1201                	addi	tp,tp,-32
   8:	0301                	addi	t1,t1,0
   a:	1b0e                	slli	s6,s6,0x23
   c:	250e                	fld	fa0,192(sp)
   e:	130e                	slli	t1,t1,0x23
  10:	0005                	c.nop	1
  12:	0000                	unimp
  14:	1101                	addi	sp,sp,-32
  16:	2501                	jal	616 <_start-0x800002aa>
  18:	130e                	slli	t1,t1,0x23
  1a:	1b0e030b          	0x1b0e030b
  1e:	110e                	slli	sp,sp,0x23
  20:	1201                	addi	tp,tp,-32
  22:	1006                	c.slli	zero,0x21
  24:	02000017          	auipc	zero,0x2000
  28:	0101                	addi	sp,sp,0
  2a:	1349                	addi	t1,t1,-14
  2c:	1301                	addi	t1,t1,-32
  2e:	0000                	unimp
  30:	49002103          	lw	sp,1168(zero) # 490 <_start-0x80000430>
  34:	000b2f13          	slti	t5,s6,0
  38:	0400                	addi	s0,sp,512
  3a:	0024                	addi	s1,sp,8
  3c:	0b3e0b0b          	0xb3e0b0b
  40:	00000e03          	lb	t3,0(zero) # 0 <_start-0x800008c0>
  44:	3405                	jal	fffffa64 <__stack_top+0x77fff1a4>
  46:	0300                	addi	s0,sp,384
  48:	3a0e                	fld	fs4,224(sp)
  4a:	390b3b0b          	0x390b3b0b
  4e:	3f13490b          	0x3f13490b
  52:	0219                	addi	tp,tp,6
  54:	0018                	0x18
  56:	0600                	addi	s0,sp,768
  58:	002e                	c.slli	zero,0xb
  5a:	0e03193f 0b3b0b3a 	0xb3b0b3a0e03193f
  62:	0b39                	addi	s6,s6,14
  64:	13491927          	0x13491927
  68:	0111                	addi	sp,sp,4
  6a:	0612                	slli	a2,a2,0x4
  6c:	1840                	addi	s0,sp,52
  6e:	4296                	lw	t0,68(sp)
  70:	0019                	c.nop	6
  72:	0700                	addi	s0,sp,896
  74:	0024                	addi	s1,sp,8
  76:	0b3e0b0b          	0xb3e0b0b
  7a:	00000803          	lb	a6,0(zero) # 0 <_start-0x800008c0>
  7e:	2e08                	fld	fa0,24(a2)
  80:	3f01                	jal	ffffff90 <__stack_top+0x77fff6d0>
  82:	0319                	addi	t1,t1,6
  84:	3a0e                	fld	fs4,224(sp)
  86:	390b3b0b          	0x390b3b0b
  8a:	1201110b          	0x1201110b
  8e:	4006                	0x4006
  90:	9618                	0x9618
  92:	1942                	slli	s2,s2,0x30
  94:	1301                	addi	t1,t1,-32
  96:	0000                	unimp
  98:	0b09                	addi	s6,s6,2
  9a:	1101                	addi	sp,sp,-32
  9c:	1201                	addi	tp,tp,-32
  9e:	0006                	c.slli	zero,0x1
  a0:	0a00                	addi	s0,sp,272
  a2:	0034                	addi	a3,sp,8
  a4:	0b3a0e03          	lb	t3,179(s4) # 303230b3 <_start-0x4fcdd80d>
  a8:	0b390b3b          	0xb390b3b
  ac:	1349                	addi	t1,t1,-14
  ae:	1802                	slli	a6,a6,0x20
  b0:	0000                	unimp
  b2:	0300340b          	0x300340b
  b6:	3a08                	fld	fa0,48(a2)
  b8:	390b3b0b          	0x390b3b0b
  bc:	0213490b          	0x213490b
  c0:	0018                	0x18
  c2:	0c00                	addi	s0,sp,528
  c4:	012e                	slli	sp,sp,0xb
  c6:	0e03193f 0b3b0b3a 	0xb3b0b3a0e03193f
  ce:	0b39                	addi	s6,s6,14
  d0:	13491927          	0x13491927
  d4:	0111                	addi	sp,sp,4
  d6:	0612                	slli	a2,a2,0x4
  d8:	1840                	addi	s0,sp,52
  da:	4296                	lw	t0,68(sp)
  dc:	0119                	addi	sp,sp,6
  de:	0d000013          	li	zero,208
  e2:	0005                	c.nop	1
  e4:	0b3a0803          	lb	a6,179(s4)
  e8:	0b390b3b          	0xb390b3b
  ec:	1349                	addi	t1,t1,-14
  ee:	1802                	slli	a6,a6,0x20
  f0:	0000                	unimp
  f2:	0f0e                	slli	t5,t5,0x3
  f4:	0b00                	addi	s0,sp,400
  f6:	0013490b          	0x13490b
  fa:	0f00                	addi	s0,sp,912
  fc:	012e                	slli	sp,sp,0xb
  fe:	0e03193f 0b3b0b3a 	0xb3b0b3a0e03193f
 106:	0b39                	addi	s6,s6,14
 108:	13491927          	0x13491927
 10c:	0111                	addi	sp,sp,4
 10e:	0612                	slli	a2,a2,0x4
 110:	1840                	addi	s0,sp,52
 112:	01194297          	auipc	t0,0x1194
 116:	10000013          	li	zero,256
 11a:	012e                	slli	sp,sp,0xb
 11c:	0e03193f 0b3b0b3a 	0xb3b0b3a0e03193f
 124:	0b39                	addi	s6,s6,14
 126:	01111927          	0x1111927
 12a:	0612                	slli	a2,a2,0x4
 12c:	1840                	addi	s0,sp,52
 12e:	4296                	lw	t0,68(sp)
 130:	0119                	addi	sp,sp,6
 132:	11000013          	li	zero,272
 136:	002e                	c.slli	zero,0xb
 138:	0e03193f 0b3b0b3a 	0xb3b0b3a0e03193f
 140:	0b39                	addi	s6,s6,14
 142:	13491927          	0x13491927
 146:	0111                	addi	sp,sp,4
 148:	0612                	slli	a2,a2,0x4
 14a:	1840                	addi	s0,sp,52
 14c:	00194297          	auipc	t0,0x194
 150:	1200                	addi	s0,sp,288
 152:	012e                	slli	sp,sp,0xb
 154:	0e03193f 0b3b0b3a 	0xb3b0b3a0e03193f
 15c:	0b39                	addi	s6,s6,14
 15e:	01111927          	0x1111927
 162:	0612                	slli	a2,a2,0x4
 164:	1840                	addi	s0,sp,52
 166:	01194297          	auipc	t0,0x1194
 16a:	13000013          	li	zero,304
 16e:	012e                	slli	sp,sp,0xb
 170:	0e03193f 0b3b0b3a 	0xb3b0b3a0e03193f
 178:	0b39                	addi	s6,s6,14
 17a:	01111927          	0x1111927
 17e:	0612                	slli	a2,a2,0x4
 180:	1840                	addi	s0,sp,52
 182:	00194297          	auipc	t0,0x194
 186:	1400                	addi	s0,sp,544
 188:	0005                	c.nop	1
 18a:	0b3a0e03          	lb	t3,179(s4)
 18e:	0b390b3b          	0xb390b3b
 192:	1349                	addi	t1,t1,-14
 194:	1802                	slli	a6,a6,0x20
 196:	0000                	unimp
	...

Disassembly of section .debug_line:

00000000 <.debug_line>:
   0:	0045                	c.nop	17
   2:	0000                	unimp
   4:	001d0003          	lb	zero,1(s10)
   8:	0000                	unimp
   a:	0101                	addi	sp,sp,0
   c:	000d0efb          	0xd0efb
  10:	0101                	addi	sp,sp,0
  12:	0101                	addi	sp,sp,0
  14:	0000                	unimp
  16:	0100                	addi	s0,sp,128
  18:	0000                	unimp
  1a:	0001                	nop
  1c:	30747263          	bgeu	s0,t2,320 <_start-0x800005a0>
  20:	732e                	flw	ft6,232(sp)
  22:	0000                	unimp
  24:	0000                	unimp
  26:	0000                	unimp
  28:	0205                	addi	tp,tp,1
  2a:	08c0                	addi	s0,sp,84
  2c:	8000                	0x8000
  2e:	03010903          	lb	s2,48(sp)
  32:	0904                	addi	s1,sp,144
  34:	0008                	0x8
  36:	0301                	addi	t1,t1,0
  38:	0901                	addi	s2,s2,0
  3a:	0008                	0x8
  3c:	0301                	addi	t1,t1,0
  3e:	0901                	addi	s2,s2,0
  40:	0004                	0x4
  42:	0901                	addi	s2,s2,0
  44:	0004                	0x4
  46:	0100                	addi	s0,sp,128
  48:	8901                	andi	a0,a0,0
  4a:	0004                	0x4
  4c:	0300                	addi	s0,sp,384
  4e:	1d00                	addi	s0,sp,688
  50:	0000                	unimp
  52:	0100                	addi	s0,sp,128
  54:	fb01                	bnez	a4,ffffff64 <__stack_top+0x77fff6a4>
  56:	0d0e                	slli	s10,s10,0x3
  58:	0100                	addi	s0,sp,128
  5a:	0101                	addi	sp,sp,0
  5c:	0001                	nop
  5e:	0000                	unimp
  60:	0001                	nop
  62:	0100                	addi	s0,sp,128
  64:	6d00                	flw	fs0,24(a0)
  66:	6961                	lui	s2,0x18
  68:	2e6e                	fld	ft8,216(sp)
  6a:	00000063          	beqz	zero,6a <_start-0x80000856>
  6e:	0000                	unimp
  70:	3105                	jal	fffffc90 <__stack_top+0x77fff3d0>
  72:	0500                	addi	s0,sp,640
  74:	d802                	sw	zero,48(sp)
  76:	0008                	0x8
  78:	0380                	addi	s0,sp,448
  7a:	0122                	slli	sp,sp,0x8
  7c:	3505                	jal	fffffe9c <__stack_top+0x77fff5dc>
  7e:	14090103          	lb	sp,320(s2) # 18140 <_start-0x7ffe8780>
  82:	0100                	addi	s0,sp,128
  84:	4d05                	li	s10,1
  86:	04090003          	lb	zero,64(s2)
  8a:	0100                	addi	s0,sp,128
  8c:	0505                	addi	a0,a0,1
  8e:	04090003          	lb	zero,64(s2)
  92:	0100                	addi	s0,sp,128
  94:	3105                	jal	fffffcb4 <__stack_top+0x77fff3f4>
  96:	08090003          	lb	zero,128(s2)
  9a:	0100                	addi	s0,sp,128
  9c:	2005                	jal	bc <_start-0x80000804>
  9e:	0c090003          	lb	zero,192(s2)
  a2:	0100                	addi	s0,sp,128
  a4:	0105                	addi	sp,sp,1
  a6:	04090103          	lb	sp,64(s2)
  aa:	0100                	addi	s0,sp,128
  ac:	2205                	jal	1cc <_start-0x800006f4>
  ae:	10090203          	lb	tp,256(s2)
  b2:	0100                	addi	s0,sp,128
  b4:	3e05                	jal	fffffbe4 <__stack_top+0x77fff324>
  b6:	14090103          	lb	sp,320(s2)
  ba:	0100                	addi	s0,sp,128
  bc:	5105                	li	sp,-31
  be:	04090003          	lb	zero,64(s2)
  c2:	0100                	addi	s0,sp,128
  c4:	0505                	addi	a0,a0,1
  c6:	04090003          	lb	zero,64(s2)
  ca:	0100                	addi	s0,sp,128
  cc:	2f05                	jal	7fc <_start-0x800000c4>
  ce:	08090003          	lb	zero,128(s2)
  d2:	0100                	addi	s0,sp,128
  d4:	1f05                	addi	t5,t5,-31
  d6:	0c090003          	lb	zero,192(s2)
  da:	0100                	addi	s0,sp,128
  dc:	0105                	addi	sp,sp,1
  de:	04090103          	lb	sp,64(s2)
  e2:	0100                	addi	s0,sp,128
  e4:	2305                	jal	604 <_start-0x800002bc>
  e6:	10090203          	lb	tp,256(s2)
  ea:	0100                	addi	s0,sp,128
  ec:	0c05                	addi	s8,s8,1
  ee:	0c090103          	lb	sp,192(s2)
  f2:	0100                	addi	s0,sp,128
  f4:	0105                	addi	sp,sp,1
  f6:	0c090103          	lb	sp,192(s2)
  fa:	0100                	addi	s0,sp,128
  fc:	2105                	jal	51c <_start-0x800003a4>
  fe:	10090203          	lb	tp,256(s2)
 102:	0100                	addi	s0,sp,128
 104:	0605                	addi	a2,a2,1
 106:	14090103          	lb	sp,320(s2)
 10a:	0100                	addi	s0,sp,128
 10c:	0705                	addi	a4,a4,1
 10e:	04090103          	lb	sp,64(s2)
 112:	0100                	addi	s0,sp,128
 114:	0f05                	addi	t5,t5,1
 116:	04090103          	lb	sp,64(s2)
 11a:	0100                	addi	s0,sp,128
 11c:	0305                	addi	t1,t1,1
 11e:	0c090003          	lb	zero,192(s2)
 122:	0100                	addi	s0,sp,128
 124:	0405                	addi	s0,s0,1
 126:	0c090103          	lb	sp,192(s2)
 12a:	0100                	addi	s0,sp,128
 12c:	0905                	addi	s2,s2,1
 12e:	0c097e03          	0xc097e03
 132:	0100                	addi	s0,sp,128
 134:	0705                	addi	a4,a4,1
 136:	10090003          	lb	zero,256(s2)
 13a:	0100                	addi	s0,sp,128
 13c:	0105                	addi	sp,sp,1
 13e:	04090403          	lb	s0,64(s2)
 142:	0100                	addi	s0,sp,128
 144:	1e05                	addi	t3,t3,-31
 146:	18090203          	lb	tp,384(s2)
 14a:	0100                	addi	s0,sp,128
 14c:	1805                	addi	a6,a6,-31
 14e:	10090103          	lb	sp,256(s2)
 152:	0100                	addi	s0,sp,128
 154:	0105                	addi	sp,sp,1
 156:	14090103          	lb	sp,320(s2)
 15a:	0100                	addi	s0,sp,128
 15c:	2805                	jal	18c <_start-0x80000734>
 15e:	10090203          	lb	tp,256(s2)
 162:	0100                	addi	s0,sp,128
 164:	0a05                	addi	s4,s4,1
 166:	18090103          	lb	sp,384(s2)
 16a:	0100                	addi	s0,sp,128
 16c:	0205                	addi	tp,tp,1
 16e:	04090003          	lb	zero,64(s2)
 172:	0100                	addi	s0,sp,128
 174:	2205                	jal	294 <_start-0x8000062c>
 176:	0200                	addi	s0,sp,256
 178:	0304                	addi	s1,sp,384
 17a:	04090103          	lb	sp,64(s2)
 17e:	0100                	addi	s0,sp,128
 180:	1e05                	addi	t3,t3,-31
 182:	0200                	addi	s0,sp,256
 184:	0304                	addi	s1,sp,384
 186:	08090003          	lb	zero,128(s2)
 18a:	0100                	addi	s0,sp,128
 18c:	1305                	addi	t1,t1,-31
 18e:	0200                	addi	s0,sp,256
 190:	0304                	addi	s1,sp,384
 192:	08090003          	lb	zero,128(s2)
 196:	0100                	addi	s0,sp,128
 198:	0d05                	addi	s10,s10,1
 19a:	0200                	addi	s0,sp,256
 19c:	0304                	addi	s1,sp,384
 19e:	04090003          	lb	zero,64(s2)
 1a2:	0100                	addi	s0,sp,128
 1a4:	1305                	addi	t1,t1,-31
 1a6:	0200                	addi	s0,sp,256
 1a8:	0304                	addi	s1,sp,384
 1aa:	0c090003          	lb	zero,192(s2)
 1ae:	0100                	addi	s0,sp,128
 1b0:	1105                	addi	sp,sp,-31
 1b2:	0200                	addi	s0,sp,256
 1b4:	0304                	addi	s1,sp,384
 1b6:	10090003          	lb	zero,256(s2)
 1ba:	0100                	addi	s0,sp,128
 1bc:	1305                	addi	t1,t1,-31
 1be:	0200                	addi	s0,sp,256
 1c0:	0304                	addi	s1,sp,384
 1c2:	10097f03          	0x10097f03
 1c6:	0100                	addi	s0,sp,128
 1c8:	0205                	addi	tp,tp,1
 1ca:	0200                	addi	s0,sp,256
 1cc:	0104                	addi	s1,sp,128
 1ce:	0c090003          	lb	zero,192(s2)
 1d2:	0100                	addi	s0,sp,128
 1d4:	0905                	addi	s2,s2,1
 1d6:	0c090303          	lb	t1,192(s2)
 1da:	0100                	addi	s0,sp,128
 1dc:	0105                	addi	sp,sp,1
 1de:	08090203          	lb	tp,128(s2)
 1e2:	0100                	addi	s0,sp,128
 1e4:	0e05                	addi	t3,t3,1
 1e6:	18090303          	lb	t1,384(s2)
 1ea:	0100                	addi	s0,sp,128
 1ec:	0205                	addi	tp,tp,1
 1ee:	10090103          	lb	sp,256(s2)
 1f2:	0100                	addi	s0,sp,128
 1f4:	1205                	addi	tp,tp,-31
 1f6:	0c090103          	lb	sp,192(s2)
 1fa:	0100                	addi	s0,sp,128
 1fc:	0605                	addi	a2,a2,1
 1fe:	14090003          	lb	zero,320(s2)
 202:	0100                	addi	s0,sp,128
 204:	0205                	addi	tp,tp,1
 206:	0c090203          	lb	tp,192(s2)
 20a:	0100                	addi	s0,sp,128
 20c:	1005                	c.nop	-31
 20e:	0c090103          	lb	sp,192(s2)
 212:	0100                	addi	s0,sp,128
 214:	0605                	addi	a2,a2,1
 216:	08090003          	lb	zero,128(s2)
 21a:	0100                	addi	s0,sp,128
 21c:	0205                	addi	tp,tp,1
 21e:	08090703          	lb	a4,128(s2)
 222:	0100                	addi	s0,sp,128
 224:	14090103          	lb	sp,320(s2)
 228:	0100                	addi	s0,sp,128
 22a:	0c090203          	lb	tp,192(s2)
 22e:	0100                	addi	s0,sp,128
 230:	0c090103          	lb	sp,192(s2)
 234:	0100                	addi	s0,sp,128
 236:	0c090103          	lb	sp,192(s2)
 23a:	0100                	addi	s0,sp,128
 23c:	14090103          	lb	sp,320(s2)
 240:	0100                	addi	s0,sp,128
 242:	0c090403          	lb	s0,192(s2)
 246:	0100                	addi	s0,sp,128
 248:	2405                	jal	468 <_start-0x80000458>
 24a:	08090003          	lb	zero,128(s2)
 24e:	0100                	addi	s0,sp,128
 250:	1a05                	addi	s4,s4,-31
 252:	08090703          	lb	a4,128(s2)
 256:	0100                	addi	s0,sp,128
 258:	0605                	addi	a2,a2,1
 25a:	14090003          	lb	zero,320(s2)
 25e:	0100                	addi	s0,sp,128
 260:	0705                	addi	a4,a4,1
 262:	0c090203          	lb	tp,192(s2)
 266:	0100                	addi	s0,sp,128
 268:	1705                	addi	a4,a4,-31
 26a:	04090103          	lb	sp,64(s2)
 26e:	0100                	addi	s0,sp,128
 270:	1505                	addi	a0,a0,-31
 272:	14090003          	lb	zero,320(s2)
 276:	0100                	addi	s0,sp,128
 278:	0305                	addi	t1,t1,1
 27a:	0c090103          	lb	sp,192(s2)
 27e:	0100                	addi	s0,sp,128
 280:	0c090103          	lb	sp,192(s2)
 284:	0100                	addi	s0,sp,128
 286:	0c090103          	lb	sp,192(s2)
 28a:	0100                	addi	s0,sp,128
 28c:	0c090103          	lb	sp,192(s2)
 290:	0100                	addi	s0,sp,128
 292:	20090103          	lb	sp,512(s2)
 296:	0100                	addi	s0,sp,128
 298:	0705                	addi	a4,a4,1
 29a:	0c097a03          	0xc097a03
 29e:	0100                	addi	s0,sp,128
 2a0:	0205                	addi	tp,tp,1
 2a2:	0c090903          	lb	s2,192(s2)
 2a6:	0100                	addi	s0,sp,128
 2a8:	2505                	jal	8c8 <_start-0x7ffffff8>
 2aa:	0c090103          	lb	sp,192(s2)
 2ae:	0100                	addi	s0,sp,128
 2b0:	0205                	addi	tp,tp,1
 2b2:	08090003          	lb	zero,128(s2)
 2b6:	0100                	addi	s0,sp,128
 2b8:	14090103          	lb	sp,320(s2)
 2bc:	0100                	addi	s0,sp,128
 2be:	0c090103          	lb	sp,192(s2)
 2c2:	0100                	addi	s0,sp,128
 2c4:	0105                	addi	sp,sp,1
 2c6:	0c090103          	lb	sp,192(s2)
 2ca:	0100                	addi	s0,sp,128
 2cc:	1205                	addi	tp,tp,-31
 2ce:	14090303          	lb	t1,320(s2)
 2d2:	0100                	addi	s0,sp,128
 2d4:	0205                	addi	tp,tp,1
 2d6:	10090103          	lb	sp,256(s2)
 2da:	0100                	addi	s0,sp,128
 2dc:	0605                	addi	a2,a2,1
 2de:	0c090103          	lb	sp,192(s2)
 2e2:	0100                	addi	s0,sp,128
 2e4:	04090103          	lb	sp,64(s2)
 2e8:	0100                	addi	s0,sp,128
 2ea:	0505                	addi	a0,a0,1
 2ec:	08090203          	lb	tp,128(s2)
 2f0:	0100                	addi	s0,sp,128
 2f2:	0805                	addi	a6,a6,1
 2f4:	0c090103          	lb	sp,192(s2)
 2f8:	0100                	addi	s0,sp,128
 2fa:	0705                	addi	a4,a4,1
 2fc:	04090203          	lb	tp,64(s2)
 300:	0100                	addi	s0,sp,128
 302:	0305                	addi	t1,t1,1
 304:	0c090103          	lb	sp,192(s2)
 308:	0100                	addi	s0,sp,128
 30a:	2705                	jal	a2a <_start-0x7ffffe96>
 30c:	08090003          	lb	zero,128(s2)
 310:	0100                	addi	s0,sp,128
 312:	2105                	jal	732 <_start-0x8000018e>
 314:	0c090003          	lb	zero,192(s2)
 318:	0100                	addi	s0,sp,128
 31a:	0305                	addi	t1,t1,1
 31c:	04090103          	lb	sp,64(s2)
 320:	0100                	addi	s0,sp,128
 322:	0c090103          	lb	sp,192(s2)
 326:	0100                	addi	s0,sp,128
 328:	14090103          	lb	sp,320(s2)
 32c:	0100                	addi	s0,sp,128
 32e:	0505                	addi	a0,a0,1
 330:	0c097903          	0xc097903
 334:	0100                	addi	s0,sp,128
 336:	1305                	addi	t1,t1,-31
 338:	04090c03          	lb	s8,64(s2)
 33c:	0100                	addi	s0,sp,128
 33e:	0205                	addi	tp,tp,1
 340:	10090103          	lb	sp,256(s2)
 344:	0100                	addi	s0,sp,128
 346:	1705                	addi	a4,a4,-31
 348:	0200                	addi	s0,sp,256
 34a:	0104                	addi	s1,sp,128
 34c:	0c090303          	lb	t1,192(s2)
 350:	0100                	addi	s0,sp,128
 352:	0705                	addi	a4,a4,1
 354:	0200                	addi	s0,sp,256
 356:	0104                	addi	s1,sp,128
 358:	08090003          	lb	zero,128(s2)
 35c:	0100                	addi	s0,sp,128
 35e:	0305                	addi	t1,t1,1
 360:	0200                	addi	s0,sp,256
 362:	0104                	addi	s1,sp,128
 364:	08090103          	lb	sp,128(s2)
 368:	0100                	addi	s0,sp,128
 36a:	0200                	addi	s0,sp,256
 36c:	0104                	addi	s1,sp,128
 36e:	0c090103          	lb	sp,192(s2)
 372:	0100                	addi	s0,sp,128
 374:	0200                	addi	s0,sp,256
 376:	0104                	addi	s1,sp,128
 378:	14090103          	lb	sp,320(s2)
 37c:	0100                	addi	s0,sp,128
 37e:	0a05                	addi	s4,s4,1
 380:	0200                	addi	s0,sp,256
 382:	0104                	addi	s1,sp,128
 384:	0c097c03          	0xc097c03
 388:	0100                	addi	s0,sp,128
 38a:	1205                	addi	tp,tp,-31
 38c:	04090b03          	lb	s6,64(s2)
 390:	0100                	addi	s0,sp,128
 392:	0205                	addi	tp,tp,1
 394:	10090103          	lb	sp,256(s2)
 398:	0100                	addi	s0,sp,128
 39a:	0605                	addi	a2,a2,1
 39c:	0c090103          	lb	sp,192(s2)
 3a0:	0100                	addi	s0,sp,128
 3a2:	04090103          	lb	sp,64(s2)
 3a6:	0100                	addi	s0,sp,128
 3a8:	0505                	addi	a0,a0,1
 3aa:	08090203          	lb	tp,128(s2)
 3ae:	0100                	addi	s0,sp,128
 3b0:	0805                	addi	a6,a6,1
 3b2:	0c090103          	lb	sp,192(s2)
 3b6:	0100                	addi	s0,sp,128
 3b8:	0705                	addi	a4,a4,1
 3ba:	04090203          	lb	tp,64(s2)
 3be:	0100                	addi	s0,sp,128
 3c0:	0305                	addi	t1,t1,1
 3c2:	0c090103          	lb	sp,192(s2)
 3c6:	0100                	addi	s0,sp,128
 3c8:	2705                	jal	ae8 <_start-0x7ffffdd8>
 3ca:	08090003          	lb	zero,128(s2)
 3ce:	0100                	addi	s0,sp,128
 3d0:	2105                	jal	7f0 <_start-0x800000d0>
 3d2:	0c090003          	lb	zero,192(s2)
 3d6:	0100                	addi	s0,sp,128
 3d8:	0305                	addi	t1,t1,1
 3da:	04090103          	lb	sp,64(s2)
 3de:	0100                	addi	s0,sp,128
 3e0:	0c090103          	lb	sp,192(s2)
 3e4:	0100                	addi	s0,sp,128
 3e6:	14090103          	lb	sp,320(s2)
 3ea:	0100                	addi	s0,sp,128
 3ec:	0505                	addi	a0,a0,1
 3ee:	0c097903          	0xc097903
 3f2:	0100                	addi	s0,sp,128
 3f4:	1305                	addi	t1,t1,-31
 3f6:	04090c03          	lb	s8,64(s2)
 3fa:	0100                	addi	s0,sp,128
 3fc:	0205                	addi	tp,tp,1
 3fe:	10090103          	lb	sp,256(s2)
 402:	0100                	addi	s0,sp,128
 404:	1705                	addi	a4,a4,-31
 406:	0200                	addi	s0,sp,256
 408:	0104                	addi	s1,sp,128
 40a:	0c090303          	lb	t1,192(s2)
 40e:	0100                	addi	s0,sp,128
 410:	0705                	addi	a4,a4,1
 412:	0200                	addi	s0,sp,256
 414:	0104                	addi	s1,sp,128
 416:	08090003          	lb	zero,128(s2)
 41a:	0100                	addi	s0,sp,128
 41c:	0305                	addi	t1,t1,1
 41e:	0200                	addi	s0,sp,256
 420:	0104                	addi	s1,sp,128
 422:	08090103          	lb	sp,128(s2)
 426:	0100                	addi	s0,sp,128
 428:	0200                	addi	s0,sp,256
 42a:	0104                	addi	s1,sp,128
 42c:	0c090103          	lb	sp,192(s2)
 430:	0100                	addi	s0,sp,128
 432:	0200                	addi	s0,sp,256
 434:	0104                	addi	s1,sp,128
 436:	14090103          	lb	sp,320(s2)
 43a:	0100                	addi	s0,sp,128
 43c:	0a05                	addi	s4,s4,1
 43e:	0200                	addi	s0,sp,256
 440:	0104                	addi	s1,sp,128
 442:	0c097c03          	0xc097c03
 446:	0100                	addi	s0,sp,128
 448:	1805                	addi	a6,a6,-31
 44a:	04090c03          	lb	s8,64(s2)
 44e:	0100                	addi	s0,sp,128
 450:	0205                	addi	tp,tp,1
 452:	10090103          	lb	sp,256(s2)
 456:	0100                	addi	s0,sp,128
 458:	1705                	addi	a4,a4,-31
 45a:	0200                	addi	s0,sp,256
 45c:	0104                	addi	s1,sp,128
 45e:	0c090303          	lb	t1,192(s2)
 462:	0100                	addi	s0,sp,128
 464:	0705                	addi	a4,a4,1
 466:	0200                	addi	s0,sp,256
 468:	0104                	addi	s1,sp,128
 46a:	08090003          	lb	zero,128(s2)
 46e:	0100                	addi	s0,sp,128
 470:	0305                	addi	t1,t1,1
 472:	0200                	addi	s0,sp,256
 474:	0104                	addi	s1,sp,128
 476:	08090103          	lb	sp,128(s2)
 47a:	0100                	addi	s0,sp,128
 47c:	0200                	addi	s0,sp,256
 47e:	0104                	addi	s1,sp,128
 480:	0c090103          	lb	sp,192(s2)
 484:	0100                	addi	s0,sp,128
 486:	0200                	addi	s0,sp,256
 488:	0104                	addi	s1,sp,128
 48a:	14090103          	lb	sp,320(s2)
 48e:	0100                	addi	s0,sp,128
 490:	0a05                	addi	s4,s4,1
 492:	0200                	addi	s0,sp,256
 494:	0104                	addi	s1,sp,128
 496:	0c097c03          	0xc097c03
 49a:	0100                	addi	s0,sp,128
 49c:	1005                	c.nop	-31
 49e:	04090903          	lb	s2,64(s2)
 4a2:	0100                	addi	s0,sp,128
 4a4:	0505                	addi	a0,a0,1
 4a6:	10090103          	lb	sp,256(s2)
 4aa:	0100                	addi	s0,sp,128
 4ac:	0205                	addi	tp,tp,1
 4ae:	0c091403          	lh	s0,192(s2)
 4b2:	0100                	addi	s0,sp,128
 4b4:	04090303          	lb	t1,64(s2)
 4b8:	0100                	addi	s0,sp,128
 4ba:	0c090103          	lb	sp,192(s2)
 4be:	0100                	addi	s0,sp,128
 4c0:	0c05                	addi	s8,s8,1
 4c2:	08090203          	lb	tp,128(s2)
 4c6:	0100                	addi	s0,sp,128
 4c8:	0105                	addi	sp,sp,1
 4ca:	04090103          	lb	sp,64(s2)
 4ce:	0100                	addi	s0,sp,128
 4d0:	1409                	addi	s0,s0,-30
 4d2:	0000                	unimp
 4d4:	0101                	addi	sp,sp,0

Disassembly of section .debug_frame:

00000000 <.debug_frame>:
   0:	000c                	0xc
   2:	0000                	unimp
   4:	ffff                	0xffff
   6:	ffff                	0xffff
   8:	7c010003          	lb	zero,1984(sp)
   c:	0d01                	addi	s10,s10,0
   e:	0002                	c.slli64	zero
  10:	0020                	addi	s0,sp,8
  12:	0000                	unimp
  14:	0000                	unimp
  16:	0000                	unimp
  18:	08d8                	addi	a4,sp,84
  1a:	8000                	0x8000
  1c:	0044                	addi	s1,sp,4
  1e:	0000                	unimp
  20:	0e44                	addi	s1,sp,788
  22:	4420                	lw	s0,72(s0)
  24:	0188                	addi	a0,sp,192
  26:	0c44                	addi	s1,sp,532
  28:	0008                	0x8
  2a:	c870                	sw	a2,84(s0)
  2c:	020c                	addi	a1,sp,256
  2e:	4420                	lw	s0,72(s0)
  30:	000e                	c.slli	zero,0x3
  32:	0000                	unimp
  34:	0020                	addi	s0,sp,8
  36:	0000                	unimp
  38:	0000                	unimp
  3a:	0000                	unimp
  3c:	091c                	addi	a5,sp,144
  3e:	8000                	0x8000
  40:	0044                	addi	s1,sp,4
  42:	0000                	unimp
  44:	0e44                	addi	s1,sp,788
  46:	4420                	lw	s0,72(s0)
  48:	0188                	addi	a0,sp,192
  4a:	0c44                	addi	s1,sp,532
  4c:	0008                	0x8
  4e:	c870                	sw	a2,84(s0)
  50:	020c                	addi	a1,sp,256
  52:	4420                	lw	s0,72(s0)
  54:	000e                	c.slli	zero,0x3
  56:	0000                	unimp
  58:	0020                	addi	s0,sp,8
  5a:	0000                	unimp
  5c:	0000                	unimp
  5e:	0000                	unimp
  60:	0960                	addi	s0,sp,156
  62:	8000                	0x8000
  64:	0028                	addi	a0,sp,8
  66:	0000                	unimp
  68:	0e44                	addi	s1,sp,788
  6a:	4410                	lw	a2,8(s0)
  6c:	0188                	addi	a0,sp,192
  6e:	0c44                	addi	s1,sp,532
  70:	0008                	0x8
  72:	c854                	sw	a3,20(s0)
  74:	020c                	addi	a1,sp,256
  76:	4410                	lw	a2,8(s0)
  78:	000e                	c.slli	zero,0x3
  7a:	0000                	unimp
  7c:	0024                	addi	s1,sp,8
  7e:	0000                	unimp
  80:	0000                	unimp
  82:	0000                	unimp
  84:	0988                	addi	a0,sp,208
  86:	8000                	0x8000
  88:	006c                	addi	a1,sp,12
  8a:	0000                	unimp
  8c:	0e44                	addi	s1,sp,788
  8e:	4830                	lw	a2,80(s0)
  90:	0181                	addi	gp,gp,0
  92:	0288                	addi	a0,sp,320
  94:	0c44                	addi	s1,sp,532
  96:	0008                	0x8
  98:	5002                	0x5002
  9a:	44c1                	li	s1,16
  9c:	0cc8                	addi	a0,sp,596
  9e:	3002                	fld	ft0,32(sp)
  a0:	0e44                	addi	s1,sp,788
  a2:	0000                	unimp
  a4:	0020                	addi	s0,sp,8
  a6:	0000                	unimp
  a8:	0000                	unimp
  aa:	0000                	unimp
  ac:	09f4                	addi	a3,sp,220
  ae:	8000                	0x8000
  b0:	0034                	addi	a3,sp,8
  b2:	0000                	unimp
  b4:	0e44                	addi	s1,sp,788
  b6:	4420                	lw	s0,72(s0)
  b8:	0188                	addi	a0,sp,192
  ba:	0c44                	addi	s1,sp,532
  bc:	0008                	0x8
  be:	c860                	sw	s0,84(s0)
  c0:	020c                	addi	a1,sp,256
  c2:	4420                	lw	s0,72(s0)
  c4:	000e                	c.slli	zero,0x3
  c6:	0000                	unimp
  c8:	0028                	addi	a0,sp,8
  ca:	0000                	unimp
  cc:	0000                	unimp
  ce:	0000                	unimp
  d0:	0a28                	addi	a0,sp,280
  d2:	8000                	0x8000
  d4:	0098                	addi	a4,sp,64
  d6:	0000                	unimp
  d8:	0e44                	addi	s1,sp,788
  da:	4c30                	lw	a2,88(s0)
  dc:	0181                	addi	gp,gp,0
  de:	0288                	addi	a0,sp,320
  e0:	0389                	addi	t2,t2,2
  e2:	0c44                	addi	s1,sp,532
  e4:	0008                	0x8
  e6:	7402                	flw	fs0,32(sp)
  e8:	44c1                	li	s1,16
  ea:	0cc8                	addi	a0,sp,596
  ec:	3002                	fld	ft0,32(sp)
  ee:	c944                	sw	s1,20(a0)
  f0:	0e44                	addi	s1,sp,788
  f2:	0000                	unimp
  f4:	0024                	addi	s1,sp,8
  f6:	0000                	unimp
  f8:	0000                	unimp
  fa:	0000                	unimp
  fc:	0ac0                	addi	s0,sp,340
  fe:	8000                	0x8000
 100:	01b4                	addi	a3,sp,200
 102:	0000                	unimp
 104:	0e44                	addi	s1,sp,788
 106:	4820                	lw	s0,80(s0)
 108:	0181                	addi	gp,gp,0
 10a:	0288                	addi	a0,sp,320
 10c:	0c44                	addi	s1,sp,532
 10e:	0008                	0x8
 110:	c1019803          	lh	a6,-1008(gp) # 800025fc <__DATA_BEGIN__+0x410>
 114:	c844                	sw	s1,20(s0)
 116:	020c                	addi	a1,sp,256
 118:	4420                	lw	s0,72(s0)
 11a:	000e                	c.slli	zero,0x3
 11c:	0018                	0x18
 11e:	0000                	unimp
 120:	0000                	unimp
 122:	0000                	unimp
 124:	0c74                	addi	a3,sp,540
 126:	8000                	0x8000
 128:	008c                	addi	a1,sp,64
 12a:	0000                	unimp
 12c:	0e44                	addi	s1,sp,788
 12e:	4820                	lw	s0,80(s0)
 130:	0181                	addi	gp,gp,0
 132:	0288                	addi	a0,sp,320
 134:	0c44                	addi	s1,sp,532
 136:	0008                	0x8
 138:	0018                	0x18
 13a:	0000                	unimp
 13c:	0000                	unimp
 13e:	0000                	unimp
 140:	0d00                	addi	s0,sp,656
 142:	8000                	0x8000
 144:	005c                	addi	a5,sp,4
 146:	0000                	unimp
 148:	0e44                	addi	s1,sp,788
 14a:	4820                	lw	s0,80(s0)
 14c:	0181                	addi	gp,gp,0
 14e:	0288                	addi	a0,sp,320
 150:	0c44                	addi	s1,sp,532
 152:	0008                	0x8
 154:	0018                	0x18
 156:	0000                	unimp
 158:	0000                	unimp
 15a:	0000                	unimp
 15c:	0d5c                	addi	a5,sp,660
 15e:	8000                	0x8000
 160:	008c                	addi	a1,sp,64
 162:	0000                	unimp
 164:	0e44                	addi	s1,sp,788
 166:	4820                	lw	s0,80(s0)
 168:	0181                	addi	gp,gp,0
 16a:	0288                	addi	a0,sp,320
 16c:	0c44                	addi	s1,sp,532
 16e:	0008                	0x8
 170:	0018                	0x18
 172:	0000                	unimp
 174:	0000                	unimp
 176:	0000                	unimp
 178:	0de8                	addi	a0,sp,732
 17a:	8000                	0x8000
 17c:	005c                	addi	a5,sp,4
 17e:	0000                	unimp
 180:	0e44                	addi	s1,sp,788
 182:	4820                	lw	s0,80(s0)
 184:	0181                	addi	gp,gp,0
 186:	0288                	addi	a0,sp,320
 188:	0c44                	addi	s1,sp,532
 18a:	0008                	0x8
 18c:	0018                	0x18
 18e:	0000                	unimp
 190:	0000                	unimp
 192:	0000                	unimp
 194:	0e44                	addi	s1,sp,788
 196:	8000                	0x8000
 198:	005c                	addi	a5,sp,4
 19a:	0000                	unimp
 19c:	0e44                	addi	s1,sp,788
 19e:	4820                	lw	s0,80(s0)
 1a0:	0181                	addi	gp,gp,0
 1a2:	0288                	addi	a0,sp,320
 1a4:	0c44                	addi	s1,sp,532
 1a6:	0008                	0x8
 1a8:	0024                	addi	s1,sp,8
 1aa:	0000                	unimp
 1ac:	0000                	unimp
 1ae:	0000                	unimp
 1b0:	0ea0                	addi	s0,sp,856
 1b2:	8000                	0x8000
 1b4:	004c                	addi	a1,sp,4
 1b6:	0000                	unimp
 1b8:	0e44                	addi	s1,sp,788
 1ba:	4810                	lw	a2,16(s0)
 1bc:	0181                	addi	gp,gp,0
 1be:	0288                	addi	a0,sp,320
 1c0:	0c44                	addi	s1,sp,532
 1c2:	0008                	0x8
 1c4:	3002                	fld	ft0,32(sp)
 1c6:	44c1                	li	s1,16
 1c8:	0cc8                	addi	a0,sp,596
 1ca:	1002                	c.slli	zero,0x20
 1cc:	0e44                	addi	s1,sp,788
	...

Disassembly of section .debug_str:

00000000 <.debug_str>:
   0:	30747263          	bgeu	s0,t2,304 <_start-0x800005bc>
   4:	732e                	flw	ft6,232(sp)
   6:	2f00                	fld	fs0,24(a4)
   8:	6f68                	flw	fa0,92(a4)
   a:	656d                	lui	a0,0x1b
   c:	6b79732f          	0x6b79732f
  10:	2f74                	fld	fa3,216(a4)
  12:	7a55                	lui	s4,0xffff5
  14:	6569                	lui	a0,0x1a
  16:	626d                	lui	tp,0x1b
  18:	6f6c                	flw	fa1,92(a4)
  1a:	4a5f 6c75 6169      	0x61696c754a5f
  20:	2f6e                	fld	ft10,216(sp)
  22:	616c                	flw	fa1,68(a0)
  24:	3362                	fld	ft6,56(sp)
  26:	4700                	lw	s0,8(a4)
  28:	554e                	lw	a0,240(sp)
  2a:	4120                	lw	s0,64(a0)
  2c:	2e322053          	0x2e322053
  30:	63003533          	0x63003533
  34:	7275                	lui	tp,0xffffd
  36:	6572                	flw	fa0,28(sp)
  38:	746e                	flw	fs0,248(sp)
  3a:	765f 6c61 6575      	0x65756c61765f
  40:	6f00                	flw	fs0,24(a4)
  42:	7a5f3273          	csrrc	tp,tcontrol,t5
  46:	7061                	c.lui	zero,0xffff8
  48:	7369                	lui	t1,0xffffa
  4a:	6d00                	flw	fs0,24(a0)
  4c:	6961                	lui	s2,0x18
  4e:	2e6e                	fld	ft8,216(sp)
  50:	61760063          	beq	a2,s7,650 <_start-0x80000270>
  54:	326c                	fld	fa1,224(a2)
  56:	6568                	flw	fa0,76(a0)
  58:	0078                	addi	a4,sp,12
  5a:	7570                	flw	fa2,108(a0)
  5c:	6374                	flw	fa3,68(a4)
  5e:	6168                	flw	fa0,68(a0)
  60:	7372                	flw	ft6,60(sp)
  62:	6c00                	flw	fs0,24(s0)
  64:	20676e6f          	jal	t3,7626a <_start-0x7ff8a656>
  68:	6e75                	lui	t3,0x1d
  6a:	6e676973          	csrrsi	s2,0x6e6,14
  6e:	6465                	lui	s0,0x19
  70:	6920                	flw	fs0,80(a0)
  72:	746e                	flw	fs0,248(sp)
  74:	6d00                	flw	fs0,24(a0)
  76:	5f79                	li	t5,-2
  78:	7570                	flw	fa2,108(a0)
  7a:	6374                	flw	fa3,68(a4)
  7c:	6168                	flw	fa0,68(a0)
  7e:	0072                	c.slli	zero,0x1c
  80:	796d                	lui	s2,0xffffb
  82:	675f 7465 635f      	0x635f7465675f
  88:	7570                	flw	fa2,108(a0)
  8a:	695f 0064 6e75      	0x6e750064695f
  90:	6e676973          	csrrsi	s2,0x6e6,14
  94:	6465                	lui	s0,0x19
  96:	6320                	flw	fs0,64(a4)
  98:	6168                	flw	fa0,68(a0)
  9a:	0072                	c.slli	zero,0x1c
  9c:	616d                	addi	sp,sp,240
  9e:	6e69                	lui	t3,0x1a
  a0:	7200                	flw	fs0,32(a2)
  a2:	7365                	lui	t1,0xffff9
  a4:	6c75                	lui	s8,0x1d
  a6:	0074                	addi	a3,sp,12
  a8:	6c7a                	flw	fs8,156(sp)
  aa:	5f79                	li	t5,-2
  ac:	6461                	lui	s0,0x18
  ae:	7264                	flw	fs1,100(a2)
  b0:	6f5f 6364 797a      	0x797a63646f5f
  b6:	0074                	addi	a3,sp,12
  b8:	5f31736f          	jal	t1,17eaa <_start-0x7ffe8a16>
  bc:	7a63646f          	jal	s0,36862 <_start-0x7ffca05e>
  c0:	7479                	lui	s0,0xffffe
  c2:	4700                	lw	s0,8(a4)
  c4:	554e                	lw	a0,240(sp)
  c6:	4320                	lw	s0,64(a4)
  c8:	3731                	jal	ffffffd4 <__stack_top+0x77fff714>
  ca:	3120                	fld	fs0,96(a0)
  cc:	2e30                	fld	fa2,88(a2)
  ce:	2e32                	fld	ft8,264(sp)
  d0:	2030                	fld	fa2,64(s0)
  d2:	6d2d                	lui	s10,0xb
  d4:	7261                	lui	tp,0xffff8
  d6:	723d6863          	bltu	s10,gp,806 <_start-0x800000ba>
  da:	3376                	fld	ft6,376(sp)
  dc:	6932                	flw	fs2,12(sp)
  de:	2d20                	fld	fs0,88(a0)
  e0:	616d                	addi	sp,sp,240
  e2:	6962                	flw	fs2,24(sp)
  e4:	693d                	lui	s2,0xf
  e6:	706c                	flw	fa1,100(s0)
  e8:	2d203233          	0x2d203233
  ec:	746d                	lui	s0,0xffffb
  ee:	6e75                	lui	t3,0x1d
  f0:	3d65                	jal	ffffffa8 <__stack_top+0x77fff6e8>
  f2:	6f72                	flw	ft10,28(sp)
  f4:	74656b63          	bltu	a0,t1,84a <_start-0x80000076>
  f8:	2d20                	fld	fs0,88(a0)
  fa:	616d                	addi	sp,sp,240
  fc:	6372                	flw	ft6,28(sp)
  fe:	3d68                	fld	fa0,248(a0)
 100:	7672                	flw	fa2,60(sp)
 102:	20693233          	0x20693233
 106:	672d                	lui	a4,0xb
 108:	2d20                	fld	fs0,88(a0)
 10a:	2d20304f          	0x2d20304f
 10e:	6666                	flw	fa2,88(sp)
 110:	6572                	flw	fa0,28(sp)
 112:	7365                	lui	t1,0xffff9
 114:	6174                	flw	fa3,68(a0)
 116:	646e                	flw	fs0,216(sp)
 118:	6e69                	lui	t3,0x1a
 11a:	696c0067          	jr	1686(s8) # 1d696 <_start-0x7ffe322a>
 11e:	696e7a63          	bgeu	t3,s6,7b2 <_start-0x8000010e>
 122:	6f63006b          	0x6f63006b
 126:	6e75                	lui	t3,0x1d
 128:	0074                	addi	a3,sp,12
 12a:	6572                	flw	fa0,28(sp)
 12c:	5f74                	lw	a3,124(a4)
 12e:	65646f63          	bltu	s0,s6,78c <_start-0x80000134>
 132:	6300                	flw	fs0,0(a4)
 134:	7275                	lui	tp,0xffffd
 136:	6572                	flw	fa0,28(sp)
 138:	746e                	flw	fs0,248(sp)
 13a:	625f 7469 7473      	0x74737469625f
 140:	7461                	lui	s0,0xffff8
 142:	7375                	lui	t1,0xffffd
 144:	6f00                	flw	fs0,24(a4)
 146:	6f5f3273          	csrrc	tp,0x6f5,t5
 14a:	6364                	flw	fs1,68(a4)
 14c:	797a                	flw	fs2,188(sp)
 14e:	0074                	addi	a3,sp,12
 150:	7270                	flw	fa2,100(a2)
 152:	657a                	flw	fa0,156(sp)
 154:	696e7573          	csrrci	a0,0x696,28
 158:	6365                	lui	t1,0x19
 15a:	6569                	lui	a0,0x1a
 15c:	6e00                	flw	fs0,24(a2)
 15e:	6d75                	lui	s10,0x1d
 160:	6832                	flw	fa6,12(sp)
 162:	7865                	lui	a6,0xffff9
 164:	6f00                	flw	fs0,24(a4)
 166:	7a5f3173          	csrrc	sp,tcontrol,t5
 16a:	7061                	c.lui	zero,0xffff8
 16c:	7369                	lui	t1,0xffffa
 16e:	6d00                	flw	fs0,24(a0)
 170:	5f79                	li	t5,-2
 172:	756d6973          	csrrsi	s2,0x756,26
 176:	616c                	flw	fa1,68(a0)
 178:	6974                	flw	fa3,84(a0)
 17a:	655f6e6f          	jal	t3,f6fce <_start-0x7ff098f2>
 17e:	6978                	flw	fa4,84(a0)
 180:	0074                	addi	a3,sp,12
